Archive member included to satisfy reference by file (symbol)

/opt/st/stm32cubeclt_1.18.0_2/GNU-tools-for-STM32/bin/../lib/gcc/arm-none-eabi/13.3.1/../../../../arm-none-eabi/lib/thumb/v7e-m+fp/hard/libc_nano.a(libc_a-exit.o)
                              /opt/st/stm32cubeclt_1.18.0_2/GNU-tools-for-STM32/bin/../lib/gcc/arm-none-eabi/13.3.1/../../../../arm-none-eabi/lib/thumb/v7e-m+fp/hard/crt0.o (exit)
/opt/st/stm32cubeclt_1.18.0_2/GNU-tools-for-STM32/bin/../lib/gcc/arm-none-eabi/13.3.1/../../../../arm-none-eabi/lib/thumb/v7e-m+fp/hard/libc_nano.a(libc_a-findfp.o)
                              /opt/st/stm32cubeclt_1.18.0_2/GNU-tools-for-STM32/bin/../lib/gcc/arm-none-eabi/13.3.1/../../../../arm-none-eabi/lib/thumb/v7e-m+fp/hard/libc_nano.a(libc_a-exit.o) (__stdio_exit_handler)
/opt/st/stm32cubeclt_1.18.0_2/GNU-tools-for-STM32/bin/../lib/gcc/arm-none-eabi/13.3.1/../../../../arm-none-eabi/lib/thumb/v7e-m+fp/hard/libc_nano.a(libc_a-fwalk.o)
                              /opt/st/stm32cubeclt_1.18.0_2/GNU-tools-for-STM32/bin/../lib/gcc/arm-none-eabi/13.3.1/../../../../arm-none-eabi/lib/thumb/v7e-m+fp/hard/libc_nano.a(libc_a-findfp.o) (_fwalk_sglue)
/opt/st/stm32cubeclt_1.18.0_2/GNU-tools-for-STM32/bin/../lib/gcc/arm-none-eabi/13.3.1/../../../../arm-none-eabi/lib/thumb/v7e-m+fp/hard/libc_nano.a(libc_a-stdio.o)
                              /opt/st/stm32cubeclt_1.18.0_2/GNU-tools-for-STM32/bin/../lib/gcc/arm-none-eabi/13.3.1/../../../../arm-none-eabi/lib/thumb/v7e-m+fp/hard/libc_nano.a(libc_a-findfp.o) (__sread)
/opt/st/stm32cubeclt_1.18.0_2/GNU-tools-for-STM32/bin/../lib/gcc/arm-none-eabi/13.3.1/../../../../arm-none-eabi/lib/thumb/v7e-m+fp/hard/libc_nano.a(libc_a-memset.o)
                              /opt/st/stm32cubeclt_1.18.0_2/GNU-tools-for-STM32/bin/../lib/gcc/arm-none-eabi/13.3.1/../../../../arm-none-eabi/lib/thumb/v7e-m+fp/hard/crt0.o (memset)
/opt/st/stm32cubeclt_1.18.0_2/GNU-tools-for-STM32/bin/../lib/gcc/arm-none-eabi/13.3.1/../../../../arm-none-eabi/lib/thumb/v7e-m+fp/hard/libc_nano.a(libc_a-closer.o)
                              /opt/st/stm32cubeclt_1.18.0_2/GNU-tools-for-STM32/bin/../lib/gcc/arm-none-eabi/13.3.1/../../../../arm-none-eabi/lib/thumb/v7e-m+fp/hard/libc_nano.a(libc_a-stdio.o) (_close_r)
/opt/st/stm32cubeclt_1.18.0_2/GNU-tools-for-STM32/bin/../lib/gcc/arm-none-eabi/13.3.1/../../../../arm-none-eabi/lib/thumb/v7e-m+fp/hard/libc_nano.a(libc_a-reent.o)
                              /opt/st/stm32cubeclt_1.18.0_2/GNU-tools-for-STM32/bin/../lib/gcc/arm-none-eabi/13.3.1/../../../../arm-none-eabi/lib/thumb/v7e-m+fp/hard/libc_nano.a(libc_a-closer.o) (errno)
/opt/st/stm32cubeclt_1.18.0_2/GNU-tools-for-STM32/bin/../lib/gcc/arm-none-eabi/13.3.1/../../../../arm-none-eabi/lib/thumb/v7e-m+fp/hard/libc_nano.a(libc_a-impure.o)
                              /opt/st/stm32cubeclt_1.18.0_2/GNU-tools-for-STM32/bin/../lib/gcc/arm-none-eabi/13.3.1/../../../../arm-none-eabi/lib/thumb/v7e-m+fp/hard/libc_nano.a(libc_a-reent.o) (_impure_ptr)
/opt/st/stm32cubeclt_1.18.0_2/GNU-tools-for-STM32/bin/../lib/gcc/arm-none-eabi/13.3.1/../../../../arm-none-eabi/lib/thumb/v7e-m+fp/hard/libc_nano.a(libc_a-lseekr.o)
                              /opt/st/stm32cubeclt_1.18.0_2/GNU-tools-for-STM32/bin/../lib/gcc/arm-none-eabi/13.3.1/../../../../arm-none-eabi/lib/thumb/v7e-m+fp/hard/libc_nano.a(libc_a-stdio.o) (_lseek_r)
/opt/st/stm32cubeclt_1.18.0_2/GNU-tools-for-STM32/bin/../lib/gcc/arm-none-eabi/13.3.1/../../../../arm-none-eabi/lib/thumb/v7e-m+fp/hard/libc_nano.a(libc_a-readr.o)
                              /opt/st/stm32cubeclt_1.18.0_2/GNU-tools-for-STM32/bin/../lib/gcc/arm-none-eabi/13.3.1/../../../../arm-none-eabi/lib/thumb/v7e-m+fp/hard/libc_nano.a(libc_a-stdio.o) (_read_r)
/opt/st/stm32cubeclt_1.18.0_2/GNU-tools-for-STM32/bin/../lib/gcc/arm-none-eabi/13.3.1/../../../../arm-none-eabi/lib/thumb/v7e-m+fp/hard/libc_nano.a(libc_a-writer.o)
                              /opt/st/stm32cubeclt_1.18.0_2/GNU-tools-for-STM32/bin/../lib/gcc/arm-none-eabi/13.3.1/../../../../arm-none-eabi/lib/thumb/v7e-m+fp/hard/libc_nano.a(libc_a-stdio.o) (_write_r)
/opt/st/stm32cubeclt_1.18.0_2/GNU-tools-for-STM32/bin/../lib/gcc/arm-none-eabi/13.3.1/../../../../arm-none-eabi/lib/thumb/v7e-m+fp/hard/libc_nano.a(libc_a-init.o)
                              /opt/st/stm32cubeclt_1.18.0_2/GNU-tools-for-STM32/bin/../lib/gcc/arm-none-eabi/13.3.1/../../../../arm-none-eabi/lib/thumb/v7e-m+fp/hard/crt0.o (__libc_init_array)
/opt/st/stm32cubeclt_1.18.0_2/GNU-tools-for-STM32/bin/../lib/gcc/arm-none-eabi/13.3.1/../../../../arm-none-eabi/lib/thumb/v7e-m+fp/hard/libc_nano.a(libc_a-lock.o)
                              /opt/st/stm32cubeclt_1.18.0_2/GNU-tools-for-STM32/bin/../lib/gcc/arm-none-eabi/13.3.1/../../../../arm-none-eabi/lib/thumb/v7e-m+fp/hard/libc_nano.a(libc_a-findfp.o) (__retarget_lock_init_recursive)
[...]
Memory Configuration

Name             Origin             Length             Attributes
RAM              0x20000000         0x00008000         xrw
FLASH            0x08000000         0x00020000         xr
*default*        0x00000000         0xffffffff

Linker script and memory map

LOAD /opt/st/stm32cubeclt_1.18.0_2/GNU-tools-for-STM32/bin/../lib/gcc/arm-none-eabi/13.3.1/thumb/v7e-m+fp/hard/crti.o
LOAD /opt/st/stm32cubeclt_1.18.0_2/GNU-tools-for-STM32/bin/../lib/gcc/arm-none-eabi/13.3.1/thumb/v7e-m+fp/hard/crtbegin.o
LOAD /opt/st/stm32cubeclt_1.18.0_2/GNU-tools-for-STM32/bin/../lib/gcc/arm-none-eabi/13.3.1/../../../../arm-none-eabi/lib/thumb/v7e-m+fp/hard/crt0.o
START GROUP
LOAD /opt/st/stm32cubeclt_1.18.0_2/GNU-tools-for-STM32/bin/../lib/gcc/arm-none-eabi/13.3.1/../../../../arm-none-eabi/lib/thumb/v7e-m+fp/hard/libc_nano.a
LOAD /opt/st/stm32cubeclt_1.18.0_2/GNU-tools-for-STM32/bin/../lib/gcc/arm-none-eabi/13.3.1/../../../../arm-none-eabi/lib/thumb/v7e-m+fp/hard/libm.a
END GROUP
LOAD cmake/stm32cubemx/CMakeFiles/STM32_Drivers.dir/__/__/Core/Src/system_stm32g4xx.c.obj
LOAD cmake/stm32cubemx/CMakeFiles/STM32_Drivers.dir/__/__/Drivers/STM32G4xx_HAL_Driver/Src/stm32g4xx_hal_fdcan.c.obj
LOAD cmake/stm32cubemx/CMakeFiles/STM32_Drivers.dir/__/__/Drivers/STM32G4xx_HAL_Driver/Src/stm32g4xx_hal.c.obj
LOAD cmake/stm32cubemx/CMakeFiles/STM32_Drivers.dir/__/__/Drivers/STM32G4xx_HAL_Driver/Src/stm32g4xx_hal_rcc.c.obj
LOAD cmake/stm32cubemx/CMakeFiles/STM32_Drivers.dir/__/__/Drivers/STM32G4xx_HAL_Driver/Src/stm32g4xx_hal_rcc_ex.c.obj
LOAD cmake/stm32cubemx/CMakeFiles/STM32_Drivers.dir/__/__/Drivers/STM32G4xx_HAL_Driver/Src/stm32g4xx_hal_flash.c.obj
LOAD cmake/stm32cubemx/CMakeFiles/STM32_Drivers.dir/__/__/Drivers/STM32G4xx_HAL_Driver/Src/stm32g4xx_hal_flash_ex.c.obj
LOAD cmake/stm32cubemx/CMakeFiles/STM32_Drivers.dir/__/__/Drivers/STM32G4xx_HAL_Driver/Src/stm32g4xx_hal_flash_ramfunc.c.obj
LOAD cmake/stm32cubemx/CMakeFiles/STM32_Drivers.dir/__/__/Drivers/STM32G4xx_HAL_Driver/Src/stm32g4xx_hal_gpio.c.obj
LOAD cmake/stm32cubemx/CMakeFiles/STM32_Drivers.dir/__/__/Drivers/STM32G4xx_HAL_Driver/Src/stm32g4xx_hal_exti.c.obj
LOAD cmake/stm32cubemx/CMakeFiles/STM32_Drivers.dir/__/__/Drivers/STM32G4xx_HAL_Driver/Src/stm32g4xx_hal_dma.c.obj
LOAD cmake/stm32cubemx/CMakeFiles/STM32_Drivers.dir/__/__/Drivers/STM32G4xx_HAL_Driver/Src/stm32g4xx_hal_dma_ex.c.obj
LOAD cmake/stm32cubemx/CMakeFiles/STM32_Drivers.dir/__/__/Drivers/STM32G4xx_HAL_Driver/Src/stm32g4xx_hal_pwr.c.obj
LOAD cmake/stm32cubemx/CMakeFiles/STM32_Drivers.dir/__/__/Drivers/STM32G4xx_HAL_Driver/Src/stm32g4xx_hal_pwr_ex.c.obj
LOAD cmake/stm32cubemx/CMakeFiles/STM32_Drivers.dir/__/__/Drivers/STM32G4xx_HAL_Driver/Src/stm32g4xx_hal_cortex.c.obj
LOAD cmake/stm32cubemx/CMakeFiles/STM32_Drivers.dir/__/__/Drivers/STM32G4xx_HAL_Driver/Src/stm32g4xx_hal_usart.c.obj
LOAD cmake/stm32cubemx/CMakeFiles/STM32_Drivers.dir/__/__/Drivers/STM32G4xx_HAL_Driver/Src/stm32g4xx_hal_usart_ex.c.obj
LOAD cmake/stm32cubemx/CMakeFiles/STM32_Drivers.dir/__/__/Drivers/STM32G4xx_HAL_Driver/Src/stm32g4xx_hal_uart_ex.c.obj
LOAD cmake/stm32cubemx/CMakeFiles/STM32_Drivers.dir/__/__/Drivers/STM32G4xx_HAL_Driver/Src/stm32g4xx_hal_uart.c.obj
LOAD cmake/stm32cubemx/CMakeFiles/STM32_Drivers.dir/__/__/Drivers/BSP/STM32G4xx_Nucleo/stm32g4xx_nucleo.c.obj
LOAD CMakeFiles/ClassicCAN_internal_loopback-G431.dir/Core/Src/main.c.obj
LOAD CMakeFiles/ClassicCAN_internal_loopback-G431.dir/Core/Src/stm32g4xx_it.c.obj
LOAD CMakeFiles/ClassicCAN_internal_loopback-G431.dir/Core/Src/stm32g4xx_hal_msp.c.obj
LOAD CMakeFiles/ClassicCAN_internal_loopback-G431.dir/Core/Src/sysmem.c.obj
LOAD CMakeFiles/ClassicCAN_internal_loopback-G431.dir/Core/Src/syscalls.c.obj
LOAD CMakeFiles/ClassicCAN_internal_loopback-G431.dir/startup_stm32g431xx.s.obj
LOAD CMakeFiles/ClassicCAN_internal_loopback-G431.dir/Core/Src/robosa_lib_src/can.c.obj
START GROUP
LOAD /opt/st/stm32cubeclt_1.18.0_2/GNU-tools-for-STM32/bin/../lib/gcc/arm-none-eabi/13.3.1/thumb/v7e-m+fp/hard/libgcc.a
LOAD /opt/st/stm32cubeclt_1.18.0_2/GNU-tools-for-STM32/bin/../lib/gcc/arm-none-eabi/13.3.1/../../../../arm-none-eabi/lib/thumb/v7e-m+fp/hard/libg_nano.a
LOAD /opt/st/stm32cubeclt_1.18.0_2/GNU-tools-for-STM32/bin/../lib/gcc/arm-none-eabi/13.3.1/../../../../arm-none-eabi/lib/thumb/v7e-m+fp/hard/libc_nano.a
END GROUP
START GROUP
LOAD /opt/st/stm32cubeclt_1.18.0_2/GNU-tools-for-STM32/bin/../lib/gcc/arm-none-eabi/13.3.1/thumb/v7e-m+fp/hard/libgcc.a
LOAD /opt/st/stm32cubeclt_1.18.0_2/GNU-tools-for-STM32/bin/../lib/gcc/arm-none-eabi/13.3.1/../../../../arm-none-eabi/lib/thumb/v7e-m+fp/hard/libc_nano.a
END GROUP
LOAD /opt/st/stm32cubeclt_1.18.0_2/GNU-tools-for-STM32/bin/../lib/gcc/arm-none-eabi/13.3.1/thumb/v7e-m+fp/hard/crtend.o
LOAD /opt/st/stm32cubeclt_1.18.0_2/GNU-tools-for-STM32/bin/../lib/gcc/arm-none-eabi/13.3.1/thumb/v7e-m+fp/hard/crtn.o
                0x20008000                        _estack = (ORIGIN (RAM) + LENGTH (RAM))
                0x00000200                        _Min_Heap_Size = 0x200
                0x00000400                        _Min_Stack_Size = 0x400

.isr_vector     0x08000000      0x1d8
                0x08000000                        . = ALIGN (0x4)
 *(.isr_vector)
 .isr_vector    0x08000000      0x1d8 CMakeFiles/ClassicCAN_internal_loopback-G431.dir/startup_stm32g431xx.s.obj
                0x08000000                g_pfnVectors
                0x080001d8                        . = ALIGN (0x4)

.text           0x080001e0     0x4cdc
                0x080001e0                        . = ALIGN (0x4)
 *(.text)
 .text          0x080001e0       0x40 /opt/st/stm32cubeclt_1.18.0_2/GNU-tools-for-STM32/bin/../lib/gcc/arm-none-eabi/13.3.1/thumb/v7e-m+fp/hard/crtbegin.o
 .text          0x08000220       0x30 /opt/st/stm32cubeclt_1.18.0_2/GNU-tools-for-STM32/bin/../lib/gcc/arm-none-eabi/13.3.1/thumb/v7e-m+fp/hard/libgcc.a(_aeabi_uldivmod.o)
                0x08000220                __aeabi_uldivmod
 .text          0x08000250      0x2f8 /opt/st/stm32cubeclt_1.18.0_2/GNU-tools-for-STM32/bin/../lib/gcc/arm-none-eabi/13.3.1/thumb/v7e-m+fp/hard/libgcc.a(_udivmoddi4.o)
                0x08000250                __udivmoddi4
 .text          0x08000548        0x4 /opt/st/stm32cubeclt_1.18.0_2/GNU-tools-for-STM32/bin/../lib/gcc/arm-none-eabi/13.3.1/thumb/v7e-m+fp/hard/libgcc.a(_dvmd_tls.o)
                0x08000548                __aeabi_ldiv0
                0x08000548                __aeabi_idiv0
 *fill*         0x0800054c        0x4 
 .text          0x08000550       0xa0 /opt/st/stm32cubeclt_1.18.0_2/GNU-tools-for-STM32/bin/../lib/gcc/arm-none-eabi/13.3.1/../../../../arm-none-eabi/lib/thumb/v7e-m+fp/hard/libg_nano.a(libc_a-memchr.o)
                0x08000550                memchr
 *(.text*)
 .text.std      0x080005f0       0x6c /opt/st/stm32cubeclt_1.18.0_2/GNU-tools-for-STM32/bin/../lib/gcc/arm-none-eabi/13.3.1/../../../../arm-none-eabi/lib/thumb/v7e-m+fp/hard/libc_nano.a(libc_a-findfp.o)
 .text.stdio_exit_handler
                0x0800065c       0x18 /opt/st/stm32cubeclt_1.18.0_2/GNU-tools-for-STM32/bin/../lib/gcc/arm-none-eabi/13.3.1/../../../../arm-none-eabi/lib/thumb/v7e-m+fp/hard/libc_nano.a(libc_a-findfp.o)
 .text.cleanup_stdio
                0x08000674       0x40 /opt/st/stm32cubeclt_1.18.0_2/GNU-tools-for-STM32/bin/../lib/gcc/arm-none-eabi/13.3.1/../../../../arm-none-eabi/lib/thumb/v7e-m+fp/hard/libc_nano.a(libc_a-findfp.o)
 .text.global_stdio_init.part.0
                0x080006b4       0x3c /opt/st/stm32cubeclt_1.18.0_2/GNU-tools-for-STM32/bin/../lib/gcc/arm-none-eabi/13.3.1/../../../../arm-none-eabi/lib/thumb/v7e-m+fp/hard/libc_nano.a(libc_a-findfp.o)
 .text.__sfp_lock_acquire
                0x080006f0        0xc /opt/st/stm32cubeclt_1.18.0_2/GNU-tools-for-STM32/bin/../lib/gcc/arm-none-eabi/13.3.1/../../../../arm-none-eabi/lib/thumb/v7e-m+fp/hard/libc_nano.a(libc_a-findfp.o)
                0x080006f0                __sfp_lock_acquire
 .text.__sfp_lock_release
                0x080006fc        0xc /opt/st/stm32cubeclt_1.18.0_2/GNU-tools-for-STM32/bin/../lib/gcc/arm-none-eabi/13.3.1/../../../../arm-none-eabi/lib/thumb/v7e-m+fp/hard/libc_nano.a(libc_a-findfp.o)
                0x080006fc                __sfp_lock_release
 .text.__sinit  0x08000708       0x30 /opt/st/stm32cubeclt_1.18.0_2/GNU-tools-for-STM32/bin/../lib/gcc/arm-none-eabi/13.3.1/../../../../arm-none-eabi/lib/thumb/v7e-m+fp/hard/libc_nano.a(libc_a-findfp.o)
                0x08000708                __sinit
 .text._fwalk_sglue
                0x08000738       0x3c /opt/st/stm32cubeclt_1.18.0_2/GNU-tools-for-STM32/bin/../lib/gcc/arm-none-eabi/13.3.1/../../../../arm-none-eabi/lib/thumb/v7e-m+fp/hard/libc_nano.a(libc_a-fwalk.o)
                0x08000738                _fwalk_sglue
 .text.__sread  0x08000774       0x22 /opt/st/stm32cubeclt_1.18.0_2/GNU-tools-for-STM32/bin/../lib/gcc/arm-none-eabi/13.3.1/../../../../arm-none-eabi/lib/thumb/v7e-m+fp/hard/libc_nano.a(libc_a-stdio.o)
                0x08000774                __sread
 .text.__swrite
                0x08000796       0x38 /opt/st/stm32cubeclt_1.18.0_2/GNU-tools-for-STM32/bin/../lib/gcc/arm-none-eabi/13.3.1/../../../../arm-none-eabi/lib/thumb/v7e-m+fp/hard/libc_nano.a(libc_a-stdio.o)
                0x08000796                __swrite
 .text.__sseek  0x080007ce       0x24 /opt/st/stm32cubeclt_1.18.0_2/GNU-tools-for-STM32/bin/../lib/gcc/arm-none-eabi/13.3.1/../../../../arm-none-eabi/lib/thumb/v7e-m+fp/hard/libc_nano.a(libc_a-stdio.o)
                0x080007ce                __sseek
 .text.__sclose
                0x080007f2        0x8 /opt/st/stm32cubeclt_1.18.0_2/GNU-tools-for-STM32/bin/../lib/gcc/arm-none-eabi/13.3.1/../../../../arm-none-eabi/lib/thumb/v7e-m+fp/hard/libc_nano.a(libc_a-stdio.o)
                0x080007f2                __sclose
 .text.memset   0x080007fa       0x10 /opt/st/stm32cubeclt_1.18.0_2/GNU-tools-for-STM32/bin/../lib/gcc/arm-none-eabi/13.3.1/../../../../arm-none-eabi/lib/thumb/v7e-m+fp/hard/libc_nano.a(libc_a-memset.o)
                0x080007fa                memset
 *fill*         0x0800080a        0x2 
 .text._close_r
                0x0800080c       0x20 /opt/st/stm32cubeclt_1.18.0_2/GNU-tools-for-STM32/bin/../lib/gcc/arm-none-eabi/13.3.1/../../../../arm-none-eabi/lib/thumb/v7e-m+fp/hard/libc_nano.a(libc_a-closer.o)
                0x0800080c                _close_r
 .text._lseek_r
                0x0800082c       0x24 /opt/st/stm32cubeclt_1.18.0_2/GNU-tools-for-STM32/bin/../lib/gcc/arm-none-eabi/13.3.1/../../../../arm-none-eabi/lib/thumb/v7e-m+fp/hard/libc_nano.a(libc_a-lseekr.o)
                0x0800082c                _lseek_r
 .text._read_r  0x08000850       0x24 /opt/st/stm32cubeclt_1.18.0_2/GNU-tools-for-STM32/bin/../lib/gcc/arm-none-eabi/13.3.1/../../../../arm-none-eabi/lib/thumb/v7e-m+fp/hard/libc_nano.a(libc_a-readr.o)
                0x08000850                _read_r
 .text._write_r
                0x08000874       0x24 /opt/st/stm32cubeclt_1.18.0_2/GNU-tools-for-STM32/bin/../lib/gcc/arm-none-eabi/13.3.1/../../../../arm-none-eabi/lib/thumb/v7e-m+fp/hard/libc_nano.a(libc_a-writer.o)
                0x08000874                _write_r
 .text.__libc_init_array
                0x08000898       0x48 /opt/st/stm32cubeclt_1.18.0_2/GNU-tools-for-STM32/bin/../lib/gcc/arm-none-eabi/13.3.1/../../../../arm-none-eabi/lib/thumb/v7e-m+fp/hard/libc_nano.a(libc_a-init.o)
                0x08000898                __libc_init_array
 .text.__retarget_lock_init_recursive
                0x080008e0        0x2 /opt/st/stm32cubeclt_1.18.0_2/GNU-tools-for-STM32/bin/../lib/gcc/arm-none-eabi/13.3.1/../../../../arm-none-eabi/lib/thumb/v7e-m+fp/hard/libc_nano.a(libc_a-lock.o)
                0x080008e0                __retarget_lock_init_recursive
 .text.__retarget_lock_acquire_recursive
                0x080008e2        0x2 /opt/st/stm32cubeclt_1.18.0_2/GNU-tools-for-STM32/bin/../lib/gcc/arm-none-eabi/13.3.1/../../../../arm-none-eabi/lib/thumb/v7e-m+fp/hard/libc_nano.a(libc_a-lock.o)
                0x080008e2                __retarget_lock_acquire_recursive
 .text.__retarget_lock_release_recursive
                0x080008e4        0x2 /opt/st/stm32cubeclt_1.18.0_2/GNU-tools-for-STM32/bin/../lib/gcc/arm-none-eabi/13.3.1/../../../../arm-none-eabi/lib/thumb/v7e-m+fp/hard/libc_nano.a(libc_a-lock.o)
                0x080008e4                __retarget_lock_release_recursive
 *fill*         0x080008e6        0x2 
 .text._free_r  0x080008e8       0x94 /opt/st/stm32cubeclt_1.18.0_2/GNU-tools-for-STM32/bin/../lib/gcc/arm-none-eabi/13.3.1/../../../../arm-none-eabi/lib/thumb/v7e-m+fp/hard/libc_nano.a(libc_a-freer.o)
                0x080008e8                _free_r
 .text.sbrk_aligned
                0x0800097c       0x44 /opt/st/stm32cubeclt_1.18.0_2/GNU-tools-for-STM32/bin/../lib/gcc/arm-none-eabi/13.3.1/../../../../arm-none-eabi/lib/thumb/v7e-m+fp/hard/libc_nano.a(libc_a-mallocr.o)
 .text._malloc_r
                0x080009c0      0x100 /opt/st/stm32cubeclt_1.18.0_2/GNU-tools-for-STM32/bin/../lib/gcc/arm-none-eabi/13.3.1/../../../../arm-none-eabi/lib/thumb/v7e-m+fp/hard/libc_nano.a(libc_a-mallocr.o)
                0x080009c0                _malloc_r
 .text.__malloc_lock
                0x08000ac0        0xc /opt/st/stm32cubeclt_1.18.0_2/GNU-tools-for-STM32/bin/../lib/gcc/arm-none-eabi/13.3.1/../../../../arm-none-eabi/lib/thumb/v7e-m+fp/hard/libc_nano.a(libc_a-mlock.o)
                0x08000ac0                __malloc_lock
 .text.__malloc_unlock
                0x08000acc        0xc /opt/st/stm32cubeclt_1.18.0_2/GNU-tools-for-STM32/bin/../lib/gcc/arm-none-eabi/13.3.1/../../../../arm-none-eabi/lib/thumb/v7e-m+fp/hard/libc_nano.a(libc_a-mlock.o)
                0x08000acc                __malloc_unlock
 .text.__sflush_r
                0x08000ad8      0x108 /opt/st/stm32cubeclt_1.18.0_2/GNU-tools-for-STM32/bin/../lib/gcc/arm-none-eabi/13.3.1/../../../../arm-none-eabi/lib/thumb/v7e-m+fp/hard/libc_nano.a(libc_a-fflush.o)
                0x08000ad8                __sflush_r
 .text._fflush_r
                0x08000be0       0x50 /opt/st/stm32cubeclt_1.18.0_2/GNU-tools-for-STM32/bin/../lib/gcc/arm-none-eabi/13.3.1/../../../../arm-none-eabi/lib/thumb/v7e-m+fp/hard/libc_nano.a(libc_a-fflush.o)
                0x08000be0                _fflush_r
 .text._sbrk_r  0x08000c30       0x20 /opt/st/stm32cubeclt_1.18.0_2/GNU-tools-for-STM32/bin/../lib/gcc/arm-none-eabi/13.3.1/../../../../arm-none-eabi/lib/thumb/v7e-m+fp/hard/libc_nano.a(libc_a-sbrkr.o)
                0x08000c30                _sbrk_r
 .text.SystemInit
                0x08000c50       0x24 cmake/stm32cubemx/CMakeFiles/STM32_Drivers.dir/__/__/Core/Src/system_stm32g4xx.c.obj
                0x08000c50                SystemInit
 .text.HAL_FDCAN_Init
                0x08000c74      0x2b4 cmake/stm32cubemx/CMakeFiles/STM32_Drivers.dir/__/__/Drivers/STM32G4xx_HAL_Driver/Src/stm32g4xx_hal_fdcan.c.obj
                0x08000c74                HAL_FDCAN_Init
 .text.HAL_FDCAN_ConfigFilter
                0x08000f28       0xb4 cmake/stm32cubemx/CMakeFiles/STM32_Drivers.dir/__/__/Drivers/STM32G4xx_HAL_Driver/Src/stm32g4xx_hal_fdcan.c.obj
                0x08000f28                HAL_FDCAN_ConfigFilter
 .text.HAL_FDCAN_ConfigGlobalFilter
                0x08000fdc       0x62 cmake/stm32cubemx/CMakeFiles/STM32_Drivers.dir/__/__/Drivers/STM32G4xx_HAL_Driver/Src/stm32g4xx_hal_fdcan.c.obj
                0x08000fdc                HAL_FDCAN_ConfigGlobalFilter
 .text.HAL_FDCAN_Start
                0x0800103e       0x50 cmake/stm32cubemx/CMakeFiles/STM32_Drivers.dir/__/__/Drivers/STM32G4xx_HAL_Driver/Src/stm32g4xx_hal_fdcan.c.obj
                0x0800103e                HAL_FDCAN_Start
 .text.HAL_FDCAN_AddMessageToTxFifoQ
                0x0800108e       0x88 cmake/stm32cubemx/CMakeFiles/STM32_Drivers.dir/__/__/Drivers/STM32G4xx_HAL_Driver/Src/stm32g4xx_hal_fdcan.c.obj
                0x0800108e                HAL_FDCAN_AddMessageToTxFifoQ
 *fill*         0x08001116        0x2 
 .text.HAL_FDCAN_GetRxMessage
                0x08001118      0x210 cmake/stm32cubemx/CMakeFiles/STM32_Drivers.dir/__/__/Drivers/STM32G4xx_HAL_Driver/Src/stm32g4xx_hal_fdcan.c.obj
                0x08001118                HAL_FDCAN_GetRxMessage
 .text.HAL_FDCAN_ActivateNotification
                0x08001328      0x1cc cmake/stm32cubemx/CMakeFiles/STM32_Drivers.dir/__/__/Drivers/STM32G4xx_HAL_Driver/Src/stm32g4xx_hal_fdcan.c.obj
                0x08001328                HAL_FDCAN_ActivateNotification
 .text.HAL_FDCAN_IRQHandler
                0x080014f4      0x266 cmake/stm32cubemx/CMakeFiles/STM32_Drivers.dir/__/__/Drivers/STM32G4xx_HAL_Driver/Src/stm32g4xx_hal_fdcan.c.obj
                0x080014f4                HAL_FDCAN_IRQHandler
 .text.HAL_FDCAN_TxEventFifoCallback
                0x0800175a       0x16 cmake/stm32cubemx/CMakeFiles/STM32_Drivers.dir/__/__/Drivers/STM32G4xx_HAL_Driver/Src/stm32g4xx_hal_fdcan.c.obj
                0x0800175a                HAL_FDCAN_TxEventFifoCallback
 .text.HAL_FDCAN_RxFifo1Callback
                0x08001770       0x16 cmake/stm32cubemx/CMakeFiles/STM32_Drivers.dir/__/__/Drivers/STM32G4xx_HAL_Driver/Src/stm32g4xx_hal_fdcan.c.obj
                0x08001770                HAL_FDCAN_RxFifo1Callback
 .text.HAL_FDCAN_TxFifoEmptyCallback
                0x08001786       0x14 cmake/stm32cubemx/CMakeFiles/STM32_Drivers.dir/__/__/Drivers/STM32G4xx_HAL_Driver/Src/stm32g4xx_hal_fdcan.c.obj
                0x08001786                HAL_FDCAN_TxFifoEmptyCallback
 .text.HAL_FDCAN_TxBufferCompleteCallback
                0x0800179a       0x16 cmake/stm32cubemx/CMakeFiles/STM32_Drivers.dir/__/__/Drivers/STM32G4xx_HAL_Driver/Src/stm32g4xx_hal_fdcan.c.obj
                0x0800179a                HAL_FDCAN_TxBufferCompleteCallback
 .text.HAL_FDCAN_TxBufferAbortCallback
                0x080017b0       0x16 cmake/stm32cubemx/CMakeFiles/STM32_Drivers.dir/__/__/Drivers/STM32G4xx_HAL_Driver/Src/stm32g4xx_hal_fdcan.c.obj
                0x080017b0                HAL_FDCAN_TxBufferAbortCallback
 .text.HAL_FDCAN_TimestampWraparoundCallback
                0x080017c6       0x14 cmake/stm32cubemx/CMakeFiles/STM32_Drivers.dir/__/__/Drivers/STM32G4xx_HAL_Driver/Src/stm32g4xx_hal_fdcan.c.obj
                0x080017c6                HAL_FDCAN_TimestampWraparoundCallback
 .text.HAL_FDCAN_TimeoutOccurredCallback
                0x080017da       0x14 cmake/stm32cubemx/CMakeFiles/STM32_Drivers.dir/__/__/Drivers/STM32G4xx_HAL_Driver/Src/stm32g4xx_hal_fdcan.c.obj
                0x080017da                HAL_FDCAN_TimeoutOccurredCallback
 .text.HAL_FDCAN_HighPriorityMessageCallback
                0x080017ee       0x14 cmake/stm32cubemx/CMakeFiles/STM32_Drivers.dir/__/__/Drivers/STM32G4xx_HAL_Driver/Src/stm32g4xx_hal_fdcan.c.obj
                0x080017ee                HAL_FDCAN_HighPriorityMessageCallback
 .text.HAL_FDCAN_ErrorCallback
                0x08001802       0x14 cmake/stm32cubemx/CMakeFiles/STM32_Drivers.dir/__/__/Drivers/STM32G4xx_HAL_Driver/Src/stm32g4xx_hal_fdcan.c.obj
                0x08001802                HAL_FDCAN_ErrorCallback
 *fill*         0x08001816        0x2 
 .text.FDCAN_CalcultateRamBlockAddresses
                0x08001818       0xac cmake/stm32cubemx/CMakeFiles/STM32_Drivers.dir/__/__/Drivers/STM32G4xx_HAL_Driver/Src/stm32g4xx_hal_fdcan.c.obj
 .text.FDCAN_CopyMessageToRAM
                0x080018c4       0xf8 cmake/stm32cubemx/CMakeFiles/STM32_Drivers.dir/__/__/Drivers/STM32G4xx_HAL_Driver/Src/stm32g4xx_hal_fdcan.c.obj
 .text.HAL_Init
                0x080019bc       0x30 cmake/stm32cubemx/CMakeFiles/STM32_Drivers.dir/__/__/Drivers/STM32G4xx_HAL_Driver/Src/stm32g4xx_hal.c.obj
                0x080019bc                HAL_Init
 .text.HAL_InitTick
                0x080019ec       0x74 cmake/stm32cubemx/CMakeFiles/STM32_Drivers.dir/__/__/Drivers/STM32G4xx_HAL_Driver/Src/stm32g4xx_hal.c.obj
                0x080019ec                HAL_InitTick
 .text.HAL_IncTick
                0x08001a60       0x24 cmake/stm32cubemx/CMakeFiles/STM32_Drivers.dir/__/__/Drivers/STM32G4xx_HAL_Driver/Src/stm32g4xx_hal.c.obj
                0x08001a60                HAL_IncTick
 .text.HAL_GetTick
                0x08001a84       0x18 cmake/stm32cubemx/CMakeFiles/STM32_Drivers.dir/__/__/Drivers/STM32G4xx_HAL_Driver/Src/stm32g4xx_hal.c.obj
                0x08001a84                HAL_GetTick
 .text.HAL_RCC_OscConfig
                0x08001a9c      0x624 cmake/stm32cubemx/CMakeFiles/STM32_Drivers.dir/__/__/Drivers/STM32G4xx_HAL_Driver/Src/stm32g4xx_hal_rcc.c.obj
                0x08001a9c                HAL_RCC_OscConfig
 .text.HAL_RCC_ClockConfig
                0x080020c0      0x278 cmake/stm32cubemx/CMakeFiles/STM32_Drivers.dir/__/__/Drivers/STM32G4xx_HAL_Driver/Src/stm32g4xx_hal_rcc.c.obj
                0x080020c0                HAL_RCC_ClockConfig
 .text.HAL_RCC_GetSysClockFreq
                0x08002338       0xc4 cmake/stm32cubemx/CMakeFiles/STM32_Drivers.dir/__/__/Drivers/STM32G4xx_HAL_Driver/Src/stm32g4xx_hal_rcc.c.obj
                0x08002338                HAL_RCC_GetSysClockFreq
 .text.HAL_RCC_GetHCLKFreq
                0x080023fc       0x18 cmake/stm32cubemx/CMakeFiles/STM32_Drivers.dir/__/__/Drivers/STM32G4xx_HAL_Driver/Src/stm32g4xx_hal_rcc.c.obj
                0x080023fc                HAL_RCC_GetHCLKFreq
 .text.HAL_RCC_GetPCLK1Freq
                0x08002414       0x2c cmake/stm32cubemx/CMakeFiles/STM32_Drivers.dir/__/__/Drivers/STM32G4xx_HAL_Driver/Src/stm32g4xx_hal_rcc.c.obj
                0x08002414                HAL_RCC_GetPCLK1Freq
 .text.HAL_RCC_GetPCLK2Freq
                0x08002440       0x2c cmake/stm32cubemx/CMakeFiles/STM32_Drivers.dir/__/__/Drivers/STM32G4xx_HAL_Driver/Src/stm32g4xx_hal_rcc.c.obj
                0x08002440                HAL_RCC_GetPCLK2Freq
 .text.RCC_GetSysClockFreqFromPLLSource
                0x0800246c       0x8c cmake/stm32cubemx/CMakeFiles/STM32_Drivers.dir/__/__/Drivers/STM32G4xx_HAL_Driver/Src/stm32g4xx_hal_rcc.c.obj
 .text.HAL_RCCEx_PeriphCLKConfig
                0x080024f8      0x3e0 cmake/stm32cubemx/CMakeFiles/STM32_Drivers.dir/__/__/Drivers/STM32G4xx_HAL_Driver/Src/stm32g4xx_hal_rcc_ex.c.obj
                0x080024f8                HAL_RCCEx_PeriphCLKConfig
 .text.HAL_GPIO_Init
                0x080028d8      0x304 cmake/stm32cubemx/CMakeFiles/STM32_Drivers.dir/__/__/Drivers/STM32G4xx_HAL_Driver/Src/stm32g4xx_hal_gpio.c.obj
                0x080028d8                HAL_GPIO_Init
 .text.HAL_GPIO_WritePin
                0x08002bdc       0x30 cmake/stm32cubemx/CMakeFiles/STM32_Drivers.dir/__/__/Drivers/STM32G4xx_HAL_Driver/Src/stm32g4xx_hal_gpio.c.obj
                0x08002bdc                HAL_GPIO_WritePin
 .text.HAL_GPIO_TogglePin
                0x08002c0c       0x34 cmake/stm32cubemx/CMakeFiles/STM32_Drivers.dir/__/__/Drivers/STM32G4xx_HAL_Driver/Src/stm32g4xx_hal_gpio.c.obj
                0x08002c0c                HAL_GPIO_TogglePin
 .text.HAL_PWREx_ControlVoltageScaling
                0x08002c40      0x148 cmake/stm32cubemx/CMakeFiles/STM32_Drivers.dir/__/__/Drivers/STM32G4xx_HAL_Driver/Src/stm32g4xx_hal_pwr_ex.c.obj
                0x08002c40                HAL_PWREx_ControlVoltageScaling
 .text.HAL_PWREx_DisableUCPDDeadBattery
                0x08002d88       0x20 cmake/stm32cubemx/CMakeFiles/STM32_Drivers.dir/__/__/Drivers/STM32G4xx_HAL_Driver/Src/stm32g4xx_hal_pwr_ex.c.obj
                0x08002d88                HAL_PWREx_DisableUCPDDeadBattery
 .text.__NVIC_SetPriorityGrouping
                0x08002da8       0x48 cmake/stm32cubemx/CMakeFiles/STM32_Drivers.dir/__/__/Drivers/STM32G4xx_HAL_Driver/Src/stm32g4xx_hal_cortex.c.obj
 .text.__NVIC_GetPriorityGrouping
                0x08002df0       0x1c cmake/stm32cubemx/CMakeFiles/STM32_Drivers.dir/__/__/Drivers/STM32G4xx_HAL_Driver/Src/stm32g4xx_hal_cortex.c.obj
 .text.__NVIC_EnableIRQ
                0x08002e0c       0x3c cmake/stm32cubemx/CMakeFiles/STM32_Drivers.dir/__/__/Drivers/STM32G4xx_HAL_Driver/Src/stm32g4xx_hal_cortex.c.obj
 .text.__NVIC_SetPriority
                0x08002e48       0x54 cmake/stm32cubemx/CMakeFiles/STM32_Drivers.dir/__/__/Drivers/STM32G4xx_HAL_Driver/Src/stm32g4xx_hal_cortex.c.obj
 .text.NVIC_EncodePriority
                0x08002e9c       0x66 cmake/stm32cubemx/CMakeFiles/STM32_Drivers.dir/__/__/Drivers/STM32G4xx_HAL_Driver/Src/stm32g4xx_hal_cortex.c.obj
 *fill*         0x08002f02        0x2 
 .text.SysTick_Config
                0x08002f04       0x44 cmake/stm32cubemx/CMakeFiles/STM32_Drivers.dir/__/__/Drivers/STM32G4xx_HAL_Driver/Src/stm32g4xx_hal_cortex.c.obj
 .text.HAL_NVIC_SetPriorityGrouping
                0x08002f48       0x16 cmake/stm32cubemx/CMakeFiles/STM32_Drivers.dir/__/__/Drivers/STM32G4xx_HAL_Driver/Src/stm32g4xx_hal_cortex.c.obj
                0x08002f48                HAL_NVIC_SetPriorityGrouping
 .text.HAL_NVIC_SetPriority
                0x08002f5e       0x34 cmake/stm32cubemx/CMakeFiles/STM32_Drivers.dir/__/__/Drivers/STM32G4xx_HAL_Driver/Src/stm32g4xx_hal_cortex.c.obj
                0x08002f5e                HAL_NVIC_SetPriority
 .text.HAL_NVIC_EnableIRQ
                0x08002f92       0x1c cmake/stm32cubemx/CMakeFiles/STM32_Drivers.dir/__/__/Drivers/STM32G4xx_HAL_Driver/Src/stm32g4xx_hal_cortex.c.obj
                0x08002f92                HAL_NVIC_EnableIRQ
 .text.HAL_SYSTICK_Config
                0x08002fae       0x18 cmake/stm32cubemx/CMakeFiles/STM32_Drivers.dir/__/__/Drivers/STM32G4xx_HAL_Driver/Src/stm32g4xx_hal_cortex.c.obj
                0x08002fae                HAL_SYSTICK_Config
 .text.HAL_UART_Init
                0x08002fc6       0xa0 cmake/stm32cubemx/CMakeFiles/STM32_Drivers.dir/__/__/Drivers/STM32G4xx_HAL_Driver/Src/stm32g4xx_hal_uart.c.obj
                0x08002fc6                HAL_UART_Init
 .text.HAL_UART_MspInit
                0x08003066       0x14 cmake/stm32cubemx/CMakeFiles/STM32_Drivers.dir/__/__/Drivers/STM32G4xx_HAL_Driver/Src/stm32g4xx_hal_uart.c.obj
                0x08003066                HAL_UART_MspInit
 .text.HAL_UART_Transmit
                0x0800307a      0x11c cmake/stm32cubemx/CMakeFiles/STM32_Drivers.dir/__/__/Drivers/STM32G4xx_HAL_Driver/Src/stm32g4xx_hal_uart.c.obj
                0x0800307a                HAL_UART_Transmit
 *fill*         0x08003196        0x2 
 .text.UART_SetConfig
                0x08003198      0x598 cmake/stm32cubemx/CMakeFiles/STM32_Drivers.dir/__/__/Drivers/STM32G4xx_HAL_Driver/Src/stm32g4xx_hal_uart.c.obj
                0x08003198                UART_SetConfig
 .text.UART_AdvFeatureConfig
                0x08003730      0x144 cmake/stm32cubemx/CMakeFiles/STM32_Drivers.dir/__/__/Drivers/STM32G4xx_HAL_Driver/Src/stm32g4xx_hal_uart.c.obj
                0x08003730                UART_AdvFeatureConfig
 .text.UART_CheckIdleState
                0x08003874      0x154 cmake/stm32cubemx/CMakeFiles/STM32_Drivers.dir/__/__/Drivers/STM32G4xx_HAL_Driver/Src/stm32g4xx_hal_uart.c.obj
                0x08003874                UART_CheckIdleState
 .text.UART_WaitOnFlagUntilTimeout
                0x080039c8       0xda cmake/stm32cubemx/CMakeFiles/STM32_Drivers.dir/__/__/Drivers/STM32G4xx_HAL_Driver/Src/stm32g4xx_hal_uart.c.obj
                0x080039c8                UART_WaitOnFlagUntilTimeout
 .text.UART_EndRxTransfer
                0x08003aa2       0xcc cmake/stm32cubemx/CMakeFiles/STM32_Drivers.dir/__/__/Drivers/STM32G4xx_HAL_Driver/Src/stm32g4xx_hal_uart.c.obj
 *fill*         0x08003b6e        0x2 
 .text.BSP_LED_Init
                0x08003b70       0x6c cmake/stm32cubemx/CMakeFiles/STM32_Drivers.dir/__/__/Drivers/BSP/STM32G4xx_Nucleo/stm32g4xx_nucleo.c.obj
                0x08003b70                BSP_LED_Init
 .text.BSP_COM_Init
                0x08003bdc       0x60 cmake/stm32cubemx/CMakeFiles/STM32_Drivers.dir/__/__/Drivers/BSP/STM32G4xx_Nucleo/stm32g4xx_nucleo.c.obj
                0x08003bdc                BSP_COM_Init
 .text.MX_LPUART1_Init
                0x08003c3c       0x64 cmake/stm32cubemx/CMakeFiles/STM32_Drivers.dir/__/__/Drivers/BSP/STM32G4xx_Nucleo/stm32g4xx_nucleo.c.obj
                0x08003c3c                MX_LPUART1_Init
 .text.__io_putchar
                0x08003ca0       0x38 cmake/stm32cubemx/CMakeFiles/STM32_Drivers.dir/__/__/Drivers/BSP/STM32G4xx_Nucleo/stm32g4xx_nucleo.c.obj
                0x08003ca0                __io_putchar
 .text.COM1_MspInit
                0x08003cd8       0x98 cmake/stm32cubemx/CMakeFiles/STM32_Drivers.dir/__/__/Drivers/BSP/STM32G4xx_Nucleo/stm32g4xx_nucleo.c.obj
 .text.main     0x08003d70       0xb8 CMakeFiles/ClassicCAN_internal_loopback-G431.dir/Core/Src/main.c.obj
                0x08003d70                main
 .text.SystemClock_Config
                0x08003e28       0x96 CMakeFiles/ClassicCAN_internal_loopback-G431.dir/Core/Src/main.c.obj
                0x08003e28                SystemClock_Config
 *fill*         0x08003ebe        0x2 
 .text.MX_FDCAN1_Init
                0x08003ec0       0xc8 CMakeFiles/ClassicCAN_internal_loopback-G431.dir/Core/Src/main.c.obj
 .text.MX_GPIO_Init
                0x08003f88       0x48 CMakeFiles/ClassicCAN_internal_loopback-G431.dir/Core/Src/main.c.obj
 .text.Error_Handler
                0x08003fd0        0xc CMakeFiles/ClassicCAN_internal_loopback-G431.dir/Core/Src/main.c.obj
                0x08003fd0                Error_Handler
 .text.NMI_Handler
                0x08003fdc        0x8 CMakeFiles/ClassicCAN_internal_loopback-G431.dir/Core/Src/stm32g4xx_it.c.obj
                0x08003fdc                NMI_Handler
 .text.HardFault_Handler
                0x08003fe4        0x8 CMakeFiles/ClassicCAN_internal_loopback-G431.dir/Core/Src/stm32g4xx_it.c.obj
                0x08003fe4                HardFault_Handler
 .text.MemManage_Handler
                0x08003fec        0x8 CMakeFiles/ClassicCAN_internal_loopback-G431.dir/Core/Src/stm32g4xx_it.c.obj
                0x08003fec                MemManage_Handler
 .text.BusFault_Handler
                0x08003ff4        0x8 CMakeFiles/ClassicCAN_internal_loopback-G431.dir/Core/Src/stm32g4xx_it.c.obj
                0x08003ff4                BusFault_Handler
 .text.UsageFault_Handler
                0x08003ffc        0x8 CMakeFiles/ClassicCAN_internal_loopback-G431.dir/Core/Src/stm32g4xx_it.c.obj
                0x08003ffc                UsageFault_Handler
 .text.SVC_Handler
                0x08004004        0xe CMakeFiles/ClassicCAN_internal_loopback-G431.dir/Core/Src/stm32g4xx_it.c.obj
                0x08004004                SVC_Handler
 .text.DebugMon_Handler
                0x08004012        0xe CMakeFiles/ClassicCAN_internal_loopback-G431.dir/Core/Src/stm32g4xx_it.c.obj
                0x08004012                DebugMon_Handler
 .text.PendSV_Handler
                0x08004020        0xe CMakeFiles/ClassicCAN_internal_loopback-G431.dir/Core/Src/stm32g4xx_it.c.obj
                0x08004020                PendSV_Handler
 .text.SysTick_Handler
                0x0800402e        0xc CMakeFiles/ClassicCAN_internal_loopback-G431.dir/Core/Src/stm32g4xx_it.c.obj
                0x0800402e                SysTick_Handler
 *fill*         0x0800403a        0x2 
 .text.FDCAN1_IT0_IRQHandler
                0x0800403c       0x14 CMakeFiles/ClassicCAN_internal_loopback-G431.dir/Core/Src/stm32g4xx_it.c.obj
                0x0800403c                FDCAN1_IT0_IRQHandler
 .text.HAL_MspInit
                0x08004050       0x48 CMakeFiles/ClassicCAN_internal_loopback-G431.dir/Core/Src/stm32g4xx_hal_msp.c.obj
                0x08004050                HAL_MspInit
 .text.HAL_FDCAN_MspInit
                0x08004098       0xc4 CMakeFiles/ClassicCAN_internal_loopback-G431.dir/Core/Src/stm32g4xx_hal_msp.c.obj
                0x08004098                HAL_FDCAN_MspInit
 .text._sbrk    0x0800415c       0x6c CMakeFiles/ClassicCAN_internal_loopback-G431.dir/Core/Src/sysmem.c.obj
                0x0800415c                _sbrk
 .text._read    0x080041c8       0x3a CMakeFiles/ClassicCAN_internal_loopback-G431.dir/Core/Src/syscalls.c.obj
                0x080041c8                _read
 .text._write   0x08004202       0x38 CMakeFiles/ClassicCAN_internal_loopback-G431.dir/Core/Src/syscalls.c.obj
                0x08004202                _write
 .text._close   0x0800423a       0x18 CMakeFiles/ClassicCAN_internal_loopback-G431.dir/Core/Src/syscalls.c.obj
                0x0800423a                _close
 .text._fstat   0x08004252       0x20 CMakeFiles/ClassicCAN_internal_loopback-G431.dir/Core/Src/syscalls.c.obj
                0x08004252                _fstat
 .text._isatty  0x08004272       0x16 CMakeFiles/ClassicCAN_internal_loopback-G431.dir/Core/Src/syscalls.c.obj
                0x08004272                _isatty
 .text._lseek   0x08004288       0x1a CMakeFiles/ClassicCAN_internal_loopback-G431.dir/Core/Src/syscalls.c.obj
                0x08004288                _lseek
 *fill*         0x080042a2        0x2 
 .text.Reset_Handler
                0x080042a4       0x50 CMakeFiles/ClassicCAN_internal_loopback-G431.dir/startup_stm32g431xx.s.obj
                0x080042a4                Reset_Handler
 .text.Default_Handler
                0x080042f4        0x2 CMakeFiles/ClassicCAN_internal_loopback-G431.dir/startup_stm32g431xx.s.obj
                0x080042f4                RTC_Alarm_IRQHandler
                0x080042f4                EXTI2_IRQHandler
                0x080042f4                TIM8_TRG_COM_IRQHandler
                0x080042f4                TIM8_CC_IRQHandler
                0x080042f4                TIM1_CC_IRQHandler
                0x080042f4                USB_HP_IRQHandler
                0x080042f4                CORDIC_IRQHandler
                0x080042f4                EXTI3_IRQHandler
                0x080042f4                I2C3_ER_IRQHandler
                0x080042f4                EXTI0_IRQHandler
                0x080042f4                I2C2_EV_IRQHandler
                0x080042f4                FPU_IRQHandler
                0x080042f4                FDCAN1_IT1_IRQHandler
                0x080042f4                TIM1_UP_TIM16_IRQHandler
                0x080042f4                ADC1_2_IRQHandler
                0x080042f4                SPI1_IRQHandler
                0x080042f4                TIM6_DAC_IRQHandler
                0x080042f4                TIM8_UP_IRQHandler
                0x080042f4                DMA2_Channel2_IRQHandler
                0x080042f4                DMA1_Channel4_IRQHandler
                0x080042f4                USART3_IRQHandler
                0x080042f4                TIM4_IRQHandler
                0x080042f4                DMA2_Channel1_IRQHandler
                0x080042f4                I2C1_EV_IRQHandler
                0x080042f4                DMA1_Channel6_IRQHandler
                0x080042f4                UART4_IRQHandler
                0x080042f4                DMA2_Channel4_IRQHandler
                0x080042f4                TIM3_IRQHandler
                0x080042f4                RCC_IRQHandler
                0x080042f4                DMA1_Channel1_IRQHandler
                0x080042f4                Default_Handler
                0x080042f4                RTC_TAMP_LSECSS_IRQHandler
                0x080042f4                FMAC_IRQHandler
                0x080042f4                EXTI15_10_IRQHandler
                0x080042f4                TIM7_IRQHandler
                0x080042f4                UCPD1_IRQHandler
                0x080042f4                I2C3_EV_IRQHandler
                0x080042f4                EXTI9_5_IRQHandler
                0x080042f4                RTC_WKUP_IRQHandler
                0x080042f4                PVD_PVM_IRQHandler
                0x080042f4                SPI2_IRQHandler
                0x080042f4                DMA2_Channel5_IRQHandler
                0x080042f4                CRS_IRQHandler
                0x080042f4                DMA1_Channel5_IRQHandler
                0x080042f4                USB_LP_IRQHandler
                0x080042f4                EXTI4_IRQHandler
                0x080042f4                RNG_IRQHandler
                0x080042f4                TIM1_TRG_COM_TIM17_IRQHandler
                0x080042f4                DMA1_Channel3_IRQHandler
                0x080042f4                WWDG_IRQHandler
                0x080042f4                LPUART1_IRQHandler
                0x080042f4                DMA2_Channel6_IRQHandler
                0x080042f4                TIM2_IRQHandler
                0x080042f4                COMP1_2_3_IRQHandler
                0x080042f4                EXTI1_IRQHandler
                0x080042f4                USART2_IRQHandler
                0x080042f4                I2C2_ER_IRQHandler
                0x080042f4                DMA1_Channel2_IRQHandler
                0x080042f4                TIM8_BRK_IRQHandler
                0x080042f4                FLASH_IRQHandler
                0x080042f4                USART1_IRQHandler
                0x080042f4                SPI3_IRQHandler
                0x080042f4                I2C1_ER_IRQHandler
                0x080042f4                LPTIM1_IRQHandler
                0x080042f4                DMAMUX_OVR_IRQHandler
                0x080042f4                USBWakeUp_IRQHandler
                0x080042f4                SAI1_IRQHandler
                0x080042f4                DMA2_Channel3_IRQHandler
                0x080042f4                COMP4_IRQHandler
                0x080042f4                TIM1_BRK_TIM15_IRQHandler
 .text.can_init
                0x080042f6       0x9e CMakeFiles/ClassicCAN_internal_loopback-G431.dir/Core/Src/robosa_lib_src/can.c.obj
                0x080042f6                can_init
 .text.can_send
                0x08004394      0x204 CMakeFiles/ClassicCAN_internal_loopback-G431.dir/Core/Src/robosa_lib_src/can.c.obj
                0x08004394                can_send
 .text.can_recv
                0x08004598       0x88 CMakeFiles/ClassicCAN_internal_loopback-G431.dir/Core/Src/robosa_lib_src/can.c.obj
                0x08004598                can_recv
 .text.HAL_FDCAN_RxFifo0Callback
                0x08004620       0x58 CMakeFiles/ClassicCAN_internal_loopback-G431.dir/Core/Src/robosa_lib_src/can.c.obj
                0x08004620                HAL_FDCAN_RxFifo0Callback
 .text.HAL_FDCAN_ErrorStatusCallback
                0x08004678       0x30 CMakeFiles/ClassicCAN_internal_loopback-G431.dir/Core/Src/robosa_lib_src/can.c.obj
                0x08004678                HAL_FDCAN_ErrorStatusCallback
 .text.printf   0x080046a8       0x24 /opt/st/stm32cubeclt_1.18.0_2/GNU-tools-for-STM32/bin/../lib/gcc/arm-none-eabi/13.3.1/../../../../arm-none-eabi/lib/thumb/v7e-m+fp/hard/libg_nano.a(libc_a-printf.o)
                0x080046a8                printf
                0x080046a8                iprintf
 .text.__errno  0x080046cc        0xc /opt/st/stm32cubeclt_1.18.0_2/GNU-tools-for-STM32/bin/../lib/gcc/arm-none-eabi/13.3.1/../../../../arm-none-eabi/lib/thumb/v7e-m+fp/hard/libg_nano.a(libc_a-errno.o)
                0x080046cc                __errno
 .text.__sfputc_r
                0x080046d8       0x2e /opt/st/stm32cubeclt_1.18.0_2/GNU-tools-for-STM32/bin/../lib/gcc/arm-none-eabi/13.3.1/../../../../arm-none-eabi/lib/thumb/v7e-m+fp/hard/libg_nano.a(libc_a-nano-vfprintf.o)
 .text.__sfputs_r
                0x08004706       0x24 /opt/st/stm32cubeclt_1.18.0_2/GNU-tools-for-STM32/bin/../lib/gcc/arm-none-eabi/13.3.1/../../../../arm-none-eabi/lib/thumb/v7e-m+fp/hard/libg_nano.a(libc_a-nano-vfprintf.o)
                0x08004706                __sfputs_r
 *fill*         0x0800472a        0x2 
 .text._vfprintf_r
                0x0800472c      0x230 /opt/st/stm32cubeclt_1.18.0_2/GNU-tools-for-STM32/bin/../lib/gcc/arm-none-eabi/13.3.1/../../../../arm-none-eabi/lib/thumb/v7e-m+fp/hard/libg_nano.a(libc_a-nano-vfprintf.o)
                0x0800472c                _vfiprintf_r
                0x0800472c                _vfprintf_r
 .text._printf_common
                0x0800495c       0xda /opt/st/stm32cubeclt_1.18.0_2/GNU-tools-for-STM32/bin/../lib/gcc/arm-none-eabi/13.3.1/../../../../arm-none-eabi/lib/thumb/v7e-m+fp/hard/libg_nano.a(libc_a-nano-vfprintf_i.o)
                0x0800495c                _printf_common
 *fill*         0x08004a36        0x2 
 .text._printf_i
                0x08004a38      0x23c /opt/st/stm32cubeclt_1.18.0_2/GNU-tools-for-STM32/bin/../lib/gcc/arm-none-eabi/13.3.1/../../../../arm-none-eabi/lib/thumb/v7e-m+fp/hard/libg_nano.a(libc_a-nano-vfprintf_i.o)
                0x08004a38                _printf_i
 .text.__swbuf_r
                0x08004c74       0x7c /opt/st/stm32cubeclt_1.18.0_2/GNU-tools-for-STM32/bin/../lib/gcc/arm-none-eabi/13.3.1/../../../../arm-none-eabi/lib/thumb/v7e-m+fp/hard/libg_nano.a(libc_a-wbuf.o)
                0x08004c74                __swbuf_r
 .text.__swsetup_r
                0x08004cf0       0xac /opt/st/stm32cubeclt_1.18.0_2/GNU-tools-for-STM32/bin/../lib/gcc/arm-none-eabi/13.3.1/../../../../arm-none-eabi/lib/thumb/v7e-m+fp/hard/libg_nano.a(libc_a-wsetup.o)
                0x08004cf0                __swsetup_r
 .text.__swhatbuf_r
                0x08004d9c       0x4c /opt/st/stm32cubeclt_1.18.0_2/GNU-tools-for-STM32/bin/../lib/gcc/arm-none-eabi/13.3.1/../../../../arm-none-eabi/lib/thumb/v7e-m+fp/hard/libg_nano.a(libc_a-makebuf.o)
                0x08004d9c                __swhatbuf_r
 .text.__smakebuf_r
                0x08004de8       0x78 /opt/st/stm32cubeclt_1.18.0_2/GNU-tools-for-STM32/bin/../lib/gcc/arm-none-eabi/13.3.1/../../../../arm-none-eabi/lib/thumb/v7e-m+fp/hard/libg_nano.a(libc_a-makebuf.o)
                0x08004de8                __smakebuf_r
 .text._fstat_r
                0x08004e60       0x24 /opt/st/stm32cubeclt_1.18.0_2/GNU-tools-for-STM32/bin/../lib/gcc/arm-none-eabi/13.3.1/../../../../arm-none-eabi/lib/thumb/v7e-m+fp/hard/libg_nano.a(libc_a-fstatr.o)
                0x08004e60                _fstat_r
 .text._isatty_r
                0x08004e84       0x20 /opt/st/stm32cubeclt_1.18.0_2/GNU-tools-for-STM32/bin/../lib/gcc/arm-none-eabi/13.3.1/../../../../arm-none-eabi/lib/thumb/v7e-m+fp/hard/libg_nano.a(libc_a-isattyr.o)
                0x08004e84                _isatty_r
 *(.glue_7)
 .glue_7        0x08004ea4        0x0 linker stubs
 *(.glue_7t)
 .glue_7t       0x08004ea4        0x0 linker stubs
 *(.eh_frame)
 .eh_frame      0x08004ea4        0x0 /opt/st/stm32cubeclt_1.18.0_2/GNU-tools-for-STM32/bin/../lib/gcc/arm-none-eabi/13.3.1/thumb/v7e-m+fp/hard/crtbegin.o
 *(.init)
 .init          0x08004ea4        0x4 /opt/st/stm32cubeclt_1.18.0_2/GNU-tools-for-STM32/bin/../lib/gcc/arm-none-eabi/13.3.1/thumb/v7e-m+fp/hard/crti.o
                0x08004ea4                _init
 .init          0x08004ea8        0x8 /opt/st/stm32cubeclt_1.18.0_2/GNU-tools-for-STM32/bin/../lib/gcc/arm-none-eabi/13.3.1/thumb/v7e-m+fp/hard/crtn.o
 *(.fini)
 .fini          0x08004eb0        0x4 /opt/st/stm32cubeclt_1.18.0_2/GNU-tools-for-STM32/bin/../lib/gcc/arm-none-eabi/13.3.1/thumb/v7e-m+fp/hard/crti.o
                0x08004eb0                _fini
 .fini          0x08004eb4        0x8 /opt/st/stm32cubeclt_1.18.0_2/GNU-tools-for-STM32/bin/../lib/gcc/arm-none-eabi/13.3.1/thumb/v7e-m+fp/hard/crtn.o
                0x08004ebc                        . = ALIGN (0x4)
                0x08004ebc                        _etext = .

.vfp11_veneer   0x08004ebc        0x0
 .vfp11_veneer  0x08004ebc        0x0 linker stubs

.v4_bx          0x08004ebc        0x0
 .v4_bx         0x08004ebc        0x0 linker stubs

.iplt           0x08004ebc        0x0
 .iplt          0x08004ebc        0x0 /opt/st/stm32cubeclt_1.18.0_2/GNU-tools-for-STM32/bin/../lib/gcc/arm-none-eabi/13.3.1/thumb/v7e-m+fp/hard/crtbegin.o

.rodata         0x08004ebc       0xac
                0x08004ebc                        . = ALIGN (0x4)
 *(.rodata)
 .rodata        0x08004ebc        0x8 CMakeFiles/ClassicCAN_internal_loopback-G431.dir/Core/Src/main.c.obj
 .rodata        0x08004ec4       0x30 CMakeFiles/ClassicCAN_internal_loopback-G431.dir/Core/Src/robosa_lib_src/can.c.obj
 *(.rodata*)
 .rodata.AHBPrescTable
                0x08004ef4       0x10 cmake/stm32cubemx/CMakeFiles/STM32_Drivers.dir/__/__/Core/Src/system_stm32g4xx.c.obj
                0x08004ef4                AHBPrescTable
 .rodata.APBPrescTable
                0x08004f04        0x8 cmake/stm32cubemx/CMakeFiles/STM32_Drivers.dir/__/__/Core/Src/system_stm32g4xx.c.obj
                0x08004f04                APBPrescTable
 .rodata.DLCtoBytes
                0x08004f0c       0x10 cmake/stm32cubemx/CMakeFiles/STM32_Drivers.dir/__/__/Drivers/STM32G4xx_HAL_Driver/Src/stm32g4xx_hal_fdcan.c.obj
 .rodata.UARTPrescTable
                0x08004f1c       0x18 cmake/stm32cubemx/CMakeFiles/STM32_Drivers.dir/__/__/Drivers/STM32G4xx_HAL_Driver/Src/stm32g4xx_hal_uart.c.obj
                0x08004f1c                UARTPrescTable
 .rodata._vfprintf_r.str1.1
                0x08004f34       0x33 /opt/st/stm32cubeclt_1.18.0_2/GNU-tools-for-STM32/bin/../lib/gcc/arm-none-eabi/13.3.1/../../../../arm-none-eabi/lib/thumb/v7e-m+fp/hard/libg_nano.a(libc_a-nano-vfprintf.o)
                                 0x11 (size before relaxing)
 .rodata._printf_i.str1.1
                0x08004f67       0x22 /opt/st/stm32cubeclt_1.18.0_2/GNU-tools-for-STM32/bin/../lib/gcc/arm-none-eabi/13.3.1/../../../../arm-none-eabi/lib/thumb/v7e-m+fp/hard/libg_nano.a(libc_a-nano-vfprintf_i.o)
                0x08004f8c                        . = ALIGN (0x4)
 *fill*         0x08004f67        0x1 

.ARM.extab      0x08004f68        0x0
                0x08004f68                        . = ALIGN (0x4)
 *(.ARM.extab* .gnu.linkonce.armextab.*)
                0x08004f68                        . = ALIGN (0x4)

.ARM            0x08004f68        0x8
                0x08004f68                        . = ALIGN (0x4)
                0x08004f68                        __exidx_start = .
 *(.ARM.exidx*)
 .ARM.exidx     0x08004f68        0x8 /opt/st/stm32cubeclt_1.18.0_2/GNU-tools-for-STM32/bin/../lib/gcc/arm-none-eabi/13.3.1/thumb/v7e-m+fp/hard/libgcc.a(_udivmoddi4.o)
 .ARM.exidx     0x08004f70        0x0 /opt/st/stm32cubeclt_1.18.0_2/GNU-tools-for-STM32/bin/../lib/gcc/arm-none-eabi/13.3.1/../../../../arm-none-eabi/lib/thumb/v7e-m+fp/hard/libg_nano.a(libc_a-memchr.o)
                                  0x8 (size before relaxing)
                0x08004f70                        __exidx_end = .
                0x08004f70                        . = ALIGN (0x4)

.preinit_array  0x08004f70        0x0
                0x08004f70                        . = ALIGN (0x4)
                0x08004f70                        PROVIDE (__preinit_array_start = .)
 *(.preinit_array*)
                0x08004f70                        PROVIDE (__preinit_array_end = .)
                0x08004f70                        . = ALIGN (0x4)

.init_array     0x08004f70        0x4
                0x08004f70                        . = ALIGN (0x4)
                0x08004f70                        PROVIDE (__init_array_start = .)
 *(SORT_BY_NAME(.init_array.*))
 *(.init_array*)
 .init_array    0x08004f70        0x4 /opt/st/stm32cubeclt_1.18.0_2/GNU-tools-for-STM32/bin/../lib/gcc/arm-none-eabi/13.3.1/thumb/v7e-m+fp/hard/crtbegin.o
                0x08004f74                        PROVIDE (__init_array_end = .)
                0x08004f74                        . = ALIGN (0x4)

.fini_array     0x08004f74        0x4
                0x08004f74                        . = ALIGN (0x4)
                [!provide]                        PROVIDE (__fini_array_start = .)
 *(SORT_BY_NAME(.fini_array.*))
 *(.fini_array*)
 .fini_array    0x08004f74        0x4 /opt/st/stm32cubeclt_1.18.0_2/GNU-tools-for-STM32/bin/../lib/gcc/arm-none-eabi/13.3.1/thumb/v7e-m+fp/hard/crtbegin.o
                [!provide]                        PROVIDE (__fini_array_end = .)
                0x08004f78                        . = ALIGN (0x4)
                0x08004f78                        _sidata = LOADADDR (.data)

.rel.dyn        0x08004f78        0x0
 .rel.iplt      0x08004f78        0x0 /opt/st/stm32cubeclt_1.18.0_2/GNU-tools-for-STM32/bin/../lib/gcc/arm-none-eabi/13.3.1/thumb/v7e-m+fp/hard/crtbegin.o

.data           0x20000000       0x70 load address 0x08004f78
                0x20000000                        . = ALIGN (0x4)
                0x20000000                        _sdata = .
 *(.data)
 *(.data*)
 .data.__sglue  0x20000000        0xc /opt/st/stm32cubeclt_1.18.0_2/GNU-tools-for-STM32/bin/../lib/gcc/arm-none-eabi/13.3.1/../../../../arm-none-eabi/lib/thumb/v7e-m+fp/hard/libc_nano.a(libc_a-findfp.o)
                0x20000000                __sglue
 .data._impure_ptr
                0x2000000c        0x4 /opt/st/stm32cubeclt_1.18.0_2/GNU-tools-for-STM32/bin/../lib/gcc/arm-none-eabi/13.3.1/../../../../arm-none-eabi/lib/thumb/v7e-m+fp/hard/libc_nano.a(libc_a-impure.o)
                0x2000000c                _impure_ptr
 .data._impure_data
                0x20000010       0x4c /opt/st/stm32cubeclt_1.18.0_2/GNU-tools-for-STM32/bin/../lib/gcc/arm-none-eabi/13.3.1/../../../../arm-none-eabi/lib/thumb/v7e-m+fp/hard/libc_nano.a(libc_a-impure.o)
                0x20000010                _impure_data
 .data.SystemCoreClock
                0x2000005c        0x4 cmake/stm32cubemx/CMakeFiles/STM32_Drivers.dir/__/__/Core/Src/system_stm32g4xx.c.obj
                0x2000005c                SystemCoreClock
 .data.uwTickPrio
                0x20000060        0x4 cmake/stm32cubemx/CMakeFiles/STM32_Drivers.dir/__/__/Drivers/STM32G4xx_HAL_Driver/Src/stm32g4xx_hal.c.obj
                0x20000060                uwTickPrio
 .data.uwTickFreq
                0x20000064        0x4 cmake/stm32cubemx/CMakeFiles/STM32_Drivers.dir/__/__/Drivers/STM32G4xx_HAL_Driver/Src/stm32g4xx_hal.c.obj
                0x20000064                uwTickFreq
 .data.LED_PORT
                0x20000068        0x4 cmake/stm32cubemx/CMakeFiles/STM32_Drivers.dir/__/__/Drivers/BSP/STM32G4xx_Nucleo/stm32g4xx_nucleo.c.obj
 .data.COM_USART
                0x2000006c        0x4 cmake/stm32cubemx/CMakeFiles/STM32_Drivers.dir/__/__/Drivers/BSP/STM32G4xx_Nucleo/stm32g4xx_nucleo.c.obj
 *(.RamFunc)
 *(.RamFunc*)
                0x20000070                        . = ALIGN (0x4)
                0x20000070                        _edata = .

.igot.plt       0x20000070        0x0 load address 0x08004fe8
 .igot.plt      0x20000070        0x0 /opt/st/stm32cubeclt_1.18.0_2/GNU-tools-for-STM32/bin/../lib/gcc/arm-none-eabi/13.3.1/thumb/v7e-m+fp/hard/crtbegin.o
                0x20000070                        . = ALIGN (0x4)

.bss            0x20000070      0x27c load address 0x08004fe8
                0x20000070                        _sbss = .
                0x20000070                        __bss_start__ = _sbss
 *(.bss)
 .bss           0x20000070       0x1c /opt/st/stm32cubeclt_1.18.0_2/GNU-tools-for-STM32/bin/../lib/gcc/arm-none-eabi/13.3.1/thumb/v7e-m+fp/hard/crtbegin.o
 *(.bss*)
 .bss.__sf      0x2000008c      0x138 /opt/st/stm32cubeclt_1.18.0_2/GNU-tools-for-STM32/bin/../lib/gcc/arm-none-eabi/13.3.1/../../../../arm-none-eabi/lib/thumb/v7e-m+fp/hard/libc_nano.a(libc_a-findfp.o)
                0x2000008c                __sf
 .bss.__stdio_exit_handler
                0x200001c4        0x4 /opt/st/stm32cubeclt_1.18.0_2/GNU-tools-for-STM32/bin/../lib/gcc/arm-none-eabi/13.3.1/../../../../arm-none-eabi/lib/thumb/v7e-m+fp/hard/libc_nano.a(libc_a-findfp.o)
                0x200001c4                __stdio_exit_handler
 .bss.errno     0x200001c8        0x4 /opt/st/stm32cubeclt_1.18.0_2/GNU-tools-for-STM32/bin/../lib/gcc/arm-none-eabi/13.3.1/../../../../arm-none-eabi/lib/thumb/v7e-m+fp/hard/libc_nano.a(libc_a-reent.o)
                0x200001c8                errno
 .bss.__lock___malloc_recursive_mutex
                0x200001cc        0x1 /opt/st/stm32cubeclt_1.18.0_2/GNU-tools-for-STM32/bin/../lib/gcc/arm-none-eabi/13.3.1/../../../../arm-none-eabi/lib/thumb/v7e-m+fp/hard/libc_nano.a(libc_a-lock.o)
                0x200001cc                __lock___malloc_recursive_mutex
 .bss.__lock___sfp_recursive_mutex
                0x200001cd        0x1 /opt/st/stm32cubeclt_1.18.0_2/GNU-tools-for-STM32/bin/../lib/gcc/arm-none-eabi/13.3.1/../../../../arm-none-eabi/lib/thumb/v7e-m+fp/hard/libc_nano.a(libc_a-lock.o)
                0x200001cd                __lock___sfp_recursive_mutex
 *fill*         0x200001ce        0x2 
 .bss.__malloc_sbrk_start
                0x200001d0        0x4 /opt/st/stm32cubeclt_1.18.0_2/GNU-tools-for-STM32/bin/../lib/gcc/arm-none-eabi/13.3.1/../../../../arm-none-eabi/lib/thumb/v7e-m+fp/hard/libc_nano.a(libc_a-mallocr.o)
                0x200001d0                __malloc_sbrk_start
 .bss.__malloc_free_list
                0x200001d4        0x4 /opt/st/stm32cubeclt_1.18.0_2/GNU-tools-for-STM32/bin/../lib/gcc/arm-none-eabi/13.3.1/../../../../arm-none-eabi/lib/thumb/v7e-m+fp/hard/libc_nano.a(libc_a-mallocr.o)
                0x200001d4                __malloc_free_list
 .bss.uwTick    0x200001d8        0x4 cmake/stm32cubemx/CMakeFiles/STM32_Drivers.dir/__/__/Drivers/STM32G4xx_HAL_Driver/Src/stm32g4xx_hal.c.obj
                0x200001d8                uwTick
 .bss.hcom_uart
                0x200001dc       0x94 cmake/stm32cubemx/CMakeFiles/STM32_Drivers.dir/__/__/Drivers/BSP/STM32G4xx_Nucleo/stm32g4xx_nucleo.c.obj
                0x200001dc                hcom_uart
 .bss.COM_ActiveLogPort
                0x20000270        0x1 cmake/stm32cubemx/CMakeFiles/STM32_Drivers.dir/__/__/Drivers/BSP/STM32G4xx_Nucleo/stm32g4xx_nucleo.c.obj
 *fill*         0x20000271        0x3 
 .bss.BspCOMInit
                0x20000274       0x10 CMakeFiles/ClassicCAN_internal_loopback-G431.dir/Core/Src/main.c.obj
                0x20000274                BspCOMInit
 .bss.hfdcan1   0x20000284       0x64 CMakeFiles/ClassicCAN_internal_loopback-G431.dir/Core/Src/main.c.obj
                0x20000284                hfdcan1
 .bss.__sbrk_heap_end
                0x200002e8        0x4 CMakeFiles/ClassicCAN_internal_loopback-G431.dir/Core/Src/sysmem.c.obj
 *(COMMON)
                0x200002ec                        . = ALIGN (0x4)
                0x200002ec                        _ebss = .
                0x200002ec                        __bss_end__ = _ebss

._user_heap_stack
                0x200002ec      0x604 load address 0x08004fe8
                0x200002f0                        . = ALIGN (0x8)
 *fill*         0x200002ec        0x4 
                [!provide]                        PROVIDE (end = .)
                0x200002f0                        PROVIDE (_end = .)
                0x200004f0                        . = (. + _Min_Heap_Size)
 *fill*         0x200002f0      0x200 
                0x200008f0                        . = (. + _Min_Stack_Size)
 *fill*         0x200004f0      0x400 
                0x200008f0                        . = ALIGN (0x8)

/DISCARD/
 libc.a(*)
 libm.a(*)
 libgcc.a(*)
OUTPUT(ClassicCAN_internal_loopback-G431.elf elf32-littlearm)
LOAD linker stubs
LOAD /opt/st/stm32cubeclt_1.18.0_2/GNU-tools-for-STM32/bin/../lib/gcc/arm-none-eabi/13.3.1/../../../../arm-none-eabi/lib/thumb/v7e-m+fp/hard/libc.a
LOAD /opt/st/stm32cubeclt_1.18.0_2/GNU-tools-for-STM32/bin/../lib/gcc/arm-none-eabi/13.3.1/../../../../arm-none-eabi/lib/thumb/v7e-m+fp/hard/libm.a
LOAD /opt/st/stm32cubeclt_1.18.0_2/GNU-tools-for-STM32/bin/../lib/gcc/arm-none-eabi/13.3.1/thumb/v7e-m+fp/hard/libgcc.a

.ARM.attributes
                0x00000000       0x30
 .ARM.attributes
                0x00000000       0x22 /opt/st/stm32cubeclt_1.18.0_2/GNU-tools-for-STM32/bin/../lib/gcc/arm-none-eabi/13.3.1/thumb/v7e-m+fp/hard/crti.o
 .ARM.attributes
                0x00000022       0x34 /opt/st/stm32cubeclt_1.18.0_2/GNU-tools-for-STM32/bin/../lib/gcc/arm-none-eabi/13.3.1/thumb/v7e-m+fp/hard/crtbegin.o
 .ARM.attributes
                0x00000056       0x34 /opt/st/stm32cubeclt_1.18.0_2/GNU-tools-for-STM32/bin/../lib/gcc/arm-none-eabi/13.3.1/../../../../arm-none-eabi/lib/thumb/v7e-m+fp/hard/libc_nano.a(libc_a-findfp.o)
 .ARM.attributes
                0x0000008a       0x34 /opt/st/stm32cubeclt_1.18.0_2/GNU-tools-for-STM32/bin/../lib/gcc/arm-none-eabi/13.3.1/../../../../arm-none-eabi/lib/thumb/v7e-m+fp/hard/libc_nano.a(libc_a-fwalk.o)
 .ARM.attributes
                0x000000be       0x34 /opt/st/stm32cubeclt_1.18.0_2/GNU-tools-for-STM32/bin/../lib/gcc/arm-none-eabi/13.3.1/../../../../arm-none-eabi/lib/thumb/v7e-m+fp/hard/libc_nano.a(libc_a-stdio.o)
 .ARM.attributes
                0x000000f2       0x34 /opt/st/stm32cubeclt_1.18.0_2/GNU-tools-for-STM32/bin/../lib/gcc/arm-none-eabi/13.3.1/../../../../arm-none-eabi/lib/thumb/v7e-m+fp/hard/libc_nano.a(libc_a-memset.o)
 .ARM.attributes
                0x00000126       0x34 /opt/st/stm32cubeclt_1.18.0_2/GNU-tools-for-STM32/bin/../lib/gcc/arm-none-eabi/13.3.1/../../../../arm-none-eabi/lib/thumb/v7e-m+fp/hard/libc_nano.a(libc_a-closer.o)
 .ARM.attributes
                0x0000015a       0x34 /opt/st/stm32cubeclt_1.18.0_2/GNU-tools-for-STM32/bin/../lib/gcc/arm-none-eabi/13.3.1/../../../../arm-none-eabi/lib/thumb/v7e-m+fp/hard/libc_nano.a(libc_a-reent.o)
 .ARM.attributes
                0x0000018e       0x34 /opt/st/stm32cubeclt_1.18.0_2/GNU-tools-for-STM32/bin/../lib/gcc/arm-none-eabi/13.3.1/../../../../arm-none-eabi/lib/thumb/v7e-m+fp/hard/libc_nano.a(libc_a-impure.o)
 .ARM.attributes
                0x000001c2       0x34 /opt/st/stm32cubeclt_1.18.0_2/GNU-tools-for-STM32/bin/../lib/gcc/arm-none-eabi/13.3.1/../../../../arm-none-eabi/lib/thumb/v7e-m+fp/hard/libc_nano.a(libc_a-lseekr.o)
 .ARM.attributes
                0x000001f6       0x34 /opt/st/stm32cubeclt_1.18.0_2/GNU-tools-for-STM32/bin/../lib/gcc/arm-none-eabi/13.3.1/../../../../arm-none-eabi/lib/thumb/v7e-m+fp/hard/libc_nano.a(libc_a-readr.o)
 .ARM.attributes
                0x0000022a       0x34 /opt/st/stm32cubeclt_1.18.0_2/GNU-tools-for-STM32/bin/../lib/gcc/arm-none-eabi/13.3.1/../../../../arm-none-eabi/lib/thumb/v7e-m+fp/hard/libc_nano.a(libc_a-writer.o)
 .ARM.attributes
                0x0000025e       0x34 /opt/st/stm32cubeclt_1.18.0_2/GNU-tools-for-STM32/bin/../lib/gcc/arm-none-eabi/13.3.1/../../../../arm-none-eabi/lib/thumb/v7e-m+fp/hard/libc_nano.a(libc_a-init.o)
 .ARM.attributes
                0x00000292       0x34 /opt/st/stm32cubeclt_1.18.0_2/GNU-tools-for-STM32/bin/../lib/gcc/arm-none-eabi/13.3.1/../../../../arm-none-eabi/lib/thumb/v7e-m+fp/hard/libc_nano.a(libc_a-lock.o)
 .ARM.attributes
                0x000002c6       0x34 /opt/st/stm32cubeclt_1.18.0_2/GNU-tools-for-STM32/bin/../lib/gcc/arm-none-eabi/13.3.1/../../../../arm-none-eabi/lib/thumb/v7e-m+fp/hard/libc_nano.a(libc_a-freer.o)
 .ARM.attributes
                0x000002fa       0x34 /opt/st/stm32cubeclt_1.18.0_2/GNU-tools-for-STM32/bin/../lib/gcc/arm-none-eabi/13.3.1/../../../../arm-none-eabi/lib/thumb/v7e-m+fp/hard/libc_nano.a(libc_a-mallocr.o)
 .ARM.attributes
                0x0000032e       0x34 /opt/st/stm32cubeclt_1.18.0_2/GNU-tools-for-STM32/bin/../lib/gcc/arm-none-eabi/13.3.1/../../../../arm-none-eabi/lib/thumb/v7e-m+fp/hard/libc_nano.a(libc_a-mlock.o)
 .ARM.attributes
                0x00000362       0x34 /opt/st/stm32cubeclt_1.18.0_2/GNU-tools-for-STM32/bin/../lib/gcc/arm-none-eabi/13.3.1/../../../../arm-none-eabi/lib/thumb/v7e-m+fp/hard/libc_nano.a(libc_a-fflush.o)
 .ARM.attributes
                0x00000396       0x34 /opt/st/stm32cubeclt_1.18.0_2/GNU-tools-for-STM32/bin/../lib/gcc/arm-none-eabi/13.3.1/../../../../arm-none-eabi/lib/thumb/v7e-m+fp/hard/libc_nano.a(libc_a-sbrkr.o)
 .ARM.attributes
                0x000003ca       0x34 cmake/stm32cubemx/CMakeFiles/STM32_Drivers.dir/__/__/Core/Src/system_stm32g4xx.c.obj
 .ARM.attributes
                0x000003fe       0x34 cmake/stm32cubemx/CMakeFiles/STM32_Drivers.dir/__/__/Drivers/STM32G4xx_HAL_Driver/Src/stm32g4xx_hal_fdcan.c.obj
 .ARM.attributes
                0x00000432       0x34 cmake/stm32cubemx/CMakeFiles/STM32_Drivers.dir/__/__/Drivers/STM32G4xx_HAL_Driver/Src/stm32g4xx_hal.c.obj
 .ARM.attributes
                0x00000466       0x34 cmake/stm32cubemx/CMakeFiles/STM32_Drivers.dir/__/__/Drivers/STM32G4xx_HAL_Driver/Src/stm32g4xx_hal_rcc.c.obj
 .ARM.attributes
                0x0000049a       0x34 cmake/stm32cubemx/CMakeFiles/STM32_Drivers.dir/__/__/Drivers/STM32G4xx_HAL_Driver/Src/stm32g4xx_hal_rcc_ex.c.obj
 .ARM.attributes
                0x000004ce       0x34 cmake/stm32cubemx/CMakeFiles/STM32_Drivers.dir/__/__/Drivers/STM32G4xx_HAL_Driver/Src/stm32g4xx_hal_gpio.c.obj
 .ARM.attributes
                0x00000502       0x34 cmake/stm32cubemx/CMakeFiles/STM32_Drivers.dir/__/__/Drivers/STM32G4xx_HAL_Driver/Src/stm32g4xx_hal_pwr_ex.c.obj
 .ARM.attributes
                0x00000536       0x34 cmake/stm32cubemx/CMakeFiles/STM32_Drivers.dir/__/__/Drivers/STM32G4xx_HAL_Driver/Src/stm32g4xx_hal_cortex.c.obj
 .ARM.attributes
                0x0000056a       0x34 cmake/stm32cubemx/CMakeFiles/STM32_Drivers.dir/__/__/Drivers/STM32G4xx_HAL_Driver/Src/stm32g4xx_hal_uart.c.obj
 .ARM.attributes
                0x0000059e       0x34 cmake/stm32cubemx/CMakeFiles/STM32_Drivers.dir/__/__/Drivers/BSP/STM32G4xx_Nucleo/stm32g4xx_nucleo.c.obj
 .ARM.attributes
                0x000005d2       0x34 CMakeFiles/ClassicCAN_internal_loopback-G431.dir/Core/Src/main.c.obj
 .ARM.attributes
                0x00000606       0x34 CMakeFiles/ClassicCAN_internal_loopback-G431.dir/Core/Src/stm32g4xx_it.c.obj
 .ARM.attributes
                0x0000063a       0x34 CMakeFiles/ClassicCAN_internal_loopback-G431.dir/Core/Src/stm32g4xx_hal_msp.c.obj
 .ARM.attributes
                0x0000066e       0x34 CMakeFiles/ClassicCAN_internal_loopback-G431.dir/Core/Src/sysmem.c.obj
 .ARM.attributes
                0x000006a2       0x34 CMakeFiles/ClassicCAN_internal_loopback-G431.dir/Core/Src/syscalls.c.obj
 .ARM.attributes
                0x000006d6       0x21 CMakeFiles/ClassicCAN_internal_loopback-G431.dir/startup_stm32g431xx.s.obj
 .ARM.attributes
                0x000006f7       0x34 CMakeFiles/ClassicCAN_internal_loopback-G431.dir/Core/Src/robosa_lib_src/can.c.obj
 .ARM.attributes
                0x0000072b       0x22 /opt/st/stm32cubeclt_1.18.0_2/GNU-tools-for-STM32/bin/../lib/gcc/arm-none-eabi/13.3.1/thumb/v7e-m+fp/hard/libgcc.a(_aeabi_uldivmod.o)
 .ARM.attributes
                0x0000074d       0x34 /opt/st/stm32cubeclt_1.18.0_2/GNU-tools-for-STM32/bin/../lib/gcc/arm-none-eabi/13.3.1/thumb/v7e-m+fp/hard/libgcc.a(_udivmoddi4.o)
 .ARM.attributes
                0x00000781       0x22 /opt/st/stm32cubeclt_1.18.0_2/GNU-tools-for-STM32/bin/../lib/gcc/arm-none-eabi/13.3.1/thumb/v7e-m+fp/hard/libgcc.a(_dvmd_tls.o)
 .ARM.attributes
                0x000007a3       0x34 /opt/st/stm32cubeclt_1.18.0_2/GNU-tools-for-STM32/bin/../lib/gcc/arm-none-eabi/13.3.1/../../../../arm-none-eabi/lib/thumb/v7e-m+fp/hard/libg_nano.a(libc_a-printf.o)
 .ARM.attributes
                0x000007d7       0x34 /opt/st/stm32cubeclt_1.18.0_2/GNU-tools-for-STM32/bin/../lib/gcc/arm-none-eabi/13.3.1/../../../../arm-none-eabi/lib/thumb/v7e-m+fp/hard/libg_nano.a(libc_a-errno.o)
 .ARM.attributes
                0x0000080b       0x34 /opt/st/stm32cubeclt_1.18.0_2/GNU-tools-for-STM32/bin/../lib/gcc/arm-none-eabi/13.3.1/../../../../arm-none-eabi/lib/thumb/v7e-m+fp/hard/libg_nano.a(libc_a-nano-vfprintf.o)
 .ARM.attributes
                0x0000083f       0x34 /opt/st/stm32cubeclt_1.18.0_2/GNU-tools-for-STM32/bin/../lib/gcc/arm-none-eabi/13.3.1/../../../../arm-none-eabi/lib/thumb/v7e-m+fp/hard/libg_nano.a(libc_a-nano-vfprintf_i.o)
 .ARM.attributes
                0x00000873       0x34 /opt/st/stm32cubeclt_1.18.0_2/GNU-tools-for-STM32/bin/../lib/gcc/arm-none-eabi/13.3.1/../../../../arm-none-eabi/lib/thumb/v7e-m+fp/hard/libg_nano.a(libc_a-wbuf.o)
 .ARM.attributes
                0x000008a7       0x34 /opt/st/stm32cubeclt_1.18.0_2/GNU-tools-for-STM32/bin/../lib/gcc/arm-none-eabi/13.3.1/../../../../arm-none-eabi/lib/thumb/v7e-m+fp/hard/libg_nano.a(libc_a-wsetup.o)
 .ARM.attributes
                0x000008db       0x1c /opt/st/stm32cubeclt_1.18.0_2/GNU-tools-for-STM32/bin/../lib/gcc/arm-none-eabi/13.3.1/../../../../arm-none-eabi/lib/thumb/v7e-m+fp/hard/libg_nano.a(libc_a-memchr.o)
 .ARM.attributes
                0x000008f7       0x34 /opt/st/stm32cubeclt_1.18.0_2/GNU-tools-for-STM32/bin/../lib/gcc/arm-none-eabi/13.3.1/../../../../arm-none-eabi/lib/thumb/v7e-m+fp/hard/libg_nano.a(libc_a-makebuf.o)
 .ARM.attributes
                0x0000092b       0x34 /opt/st/stm32cubeclt_1.18.0_2/GNU-tools-for-STM32/bin/../lib/gcc/arm-none-eabi/13.3.1/../../../../arm-none-eabi/lib/thumb/v7e-m+fp/hard/libg_nano.a(libc_a-fstatr.o)
 .ARM.attributes
                0x0000095f       0x34 /opt/st/stm32cubeclt_1.18.0_2/GNU-tools-for-STM32/bin/../lib/gcc/arm-none-eabi/13.3.1/../../../../arm-none-eabi/lib/thumb/v7e-m+fp/hard/libg_nano.a(libc_a-isattyr.o)
 .ARM.attributes
                0x00000993       0x22 /opt/st/stm32cubeclt_1.18.0_2/GNU-tools-for-STM32/bin/../lib/gcc/arm-none-eabi/13.3.1/thumb/v7e-m+fp/hard/crtn.o

.comment        0x00000000       0x43
 .comment       0x00000000       0x43 cmake/stm32cubemx/CMakeFiles/STM32_Drivers.dir/__/__/Core/Src/system_stm32g4xx.c.obj
                                 0x44 (size before relaxing)
 .comment       0x00000043       0x44 cmake/stm32cubemx/CMakeFiles/STM32_Drivers.dir/__/__/Drivers/STM32G4xx_HAL_Driver/Src/stm32g4xx_hal_fdcan.c.obj
 .comment       0x00000043       0x44 cmake/stm32cubemx/CMakeFiles/STM32_Drivers.dir/__/__/Drivers/STM32G4xx_HAL_Driver/Src/stm32g4xx_hal.c.obj
 .comment       0x00000043       0x44 cmake/stm32cubemx/CMakeFiles/STM32_Drivers.dir/__/__/Drivers/STM32G4xx_HAL_Driver/Src/stm32g4xx_hal_rcc.c.obj
 .comment       0x00000043       0x44 cmake/stm32cubemx/CMakeFiles/STM32_Drivers.dir/__/__/Drivers/STM32G4xx_HAL_Driver/Src/stm32g4xx_hal_rcc_ex.c.obj
 .comment       0x00000043       0x44 cmake/stm32cubemx/CMakeFiles/STM32_Drivers.dir/__/__/Drivers/STM32G4xx_HAL_Driver/Src/stm32g4xx_hal_gpio.c.obj
 .comment       0x00000043       0x44 cmake/stm32cubemx/CMakeFiles/STM32_Drivers.dir/__/__/Drivers/STM32G4xx_HAL_Driver/Src/stm32g4xx_hal_pwr_ex.c.obj
 .comment       0x00000043       0x44 cmake/stm32cubemx/CMakeFiles/STM32_Drivers.dir/__/__/Drivers/STM32G4xx_HAL_Driver/Src/stm32g4xx_hal_cortex.c.obj
 .comment       0x00000043       0x44 cmake/stm32cubemx/CMakeFiles/STM32_Drivers.dir/__/__/Drivers/STM32G4xx_HAL_Driver/Src/stm32g4xx_hal_uart.c.obj
 .comment       0x00000043       0x44 cmake/stm32cubemx/CMakeFiles/STM32_Drivers.dir/__/__/Drivers/BSP/STM32G4xx_Nucleo/stm32g4xx_nucleo.c.obj
 .comment       0x00000043       0x44 CMakeFiles/ClassicCAN_internal_loopback-G431.dir/Core/Src/main.c.obj
 .comment       0x00000043       0x44 CMakeFiles/ClassicCAN_internal_loopback-G431.dir/Core/Src/stm32g4xx_it.c.obj
 .comment       0x00000043       0x44 CMakeFiles/ClassicCAN_internal_loopback-G431.dir/Core/Src/stm32g4xx_hal_msp.c.obj
 .comment       0x00000043       0x44 CMakeFiles/ClassicCAN_internal_loopback-G431.dir/Core/Src/sysmem.c.obj
 .comment       0x00000043       0x44 CMakeFiles/ClassicCAN_internal_loopback-G431.dir/Core/Src/syscalls.c.obj
 .comment       0x00000043       0x44 CMakeFiles/ClassicCAN_internal_loopback-G431.dir/Core/Src/robosa_lib_src/can.c.obj
 .comment       0x00000043       0x44 /opt/st/stm32cubeclt_1.18.0_2/GNU-tools-for-STM32/bin/../lib/gcc/arm-none-eabi/13.3.1/../../../../arm-none-eabi/lib/thumb/v7e-m+fp/hard/libg_nano.a(libc_a-printf.o)
 .comment       0x00000043       0x44 /opt/st/stm32cubeclt_1.18.0_2/GNU-tools-for-STM32/bin/../lib/gcc/arm-none-eabi/13.3.1/../../../../arm-none-eabi/lib/thumb/v7e-m+fp/hard/libg_nano.a(libc_a-errno.o)
 .comment       0x00000043       0x44 /opt/st/stm32cubeclt_1.18.0_2/GNU-tools-for-STM32/bin/../lib/gcc/arm-none-eabi/13.3.1/../../../../arm-none-eabi/lib/thumb/v7e-m+fp/hard/libg_nano.a(libc_a-nano-vfprintf.o)
 .comment       0x00000043       0x44 /opt/st/stm32cubeclt_1.18.0_2/GNU-tools-for-STM32/bin/../lib/gcc/arm-none-eabi/13.3.1/../../../../arm-none-eabi/lib/thumb/v7e-m+fp/hard/libg_nano.a(libc_a-nano-vfprintf_i.o)
 .comment       0x00000043       0x44 /opt/st/stm32cubeclt_1.18.0_2/GNU-tools-for-STM32/bin/../lib/gcc/arm-none-eabi/13.3.1/../../../../arm-none-eabi/lib/thumb/v7e-m+fp/hard/libg_nano.a(libc_a-wbuf.o)
 .comment       0x00000043       0x44 /opt/st/stm32cubeclt_1.18.0_2/GNU-tools-for-STM32/bin/../lib/gcc/arm-none-eabi/13.3.1/../../../../arm-none-eabi/lib/thumb/v7e-m+fp/hard/libg_nano.a(libc_a-wsetup.o)
 .comment       0x00000043       0x44 /opt/st/stm32cubeclt_1.18.0_2/GNU-tools-for-STM32/bin/../lib/gcc/arm-none-eabi/13.3.1/../../../../arm-none-eabi/lib/thumb/v7e-m+fp/hard/libg_nano.a(libc_a-makebuf.o)
 .comment       0x00000043       0x44 /opt/st/stm32cubeclt_1.18.0_2/GNU-tools-for-STM32/bin/../lib/gcc/arm-none-eabi/13.3.1/../../../../arm-none-eabi/lib/thumb/v7e-m+fp/hard/libg_nano.a(libc_a-fstatr.o)
 .comment       0x00000043       0x44 /opt/st/stm32cubeclt_1.18.0_2/GNU-tools-for-STM32/bin/../lib/gcc/arm-none-eabi/13.3.1/../../../../arm-none-eabi/lib/thumb/v7e-m+fp/hard/libg_nano.a(libc_a-isattyr.o)

.debug_frame    0x00000000     0x3b30
 .debug_frame   0x00000000      0x144 /opt/st/stm32cubeclt_1.18.0_2/GNU-tools-for-STM32/bin/../lib/gcc/arm-none-eabi/13.3.1/../../../../arm-none-eabi/lib/thumb/v7e-m+fp/hard/libc_nano.a(libc_a-findfp.o)
 .debug_frame   0x00000144       0x34 /opt/st/stm32cubeclt_1.18.0_2/GNU-tools-for-STM32/bin/../lib/gcc/arm-none-eabi/13.3.1/../../../../arm-none-eabi/lib/thumb/v7e-m+fp/hard/libc_nano.a(libc_a-fwalk.o)
 .debug_frame   0x00000178       0x88 /opt/st/stm32cubeclt_1.18.0_2/GNU-tools-for-STM32/bin/../lib/gcc/arm-none-eabi/13.3.1/../../../../arm-none-eabi/lib/thumb/v7e-m+fp/hard/libc_nano.a(libc_a-stdio.o)
 .debug_frame   0x00000200       0x20 /opt/st/stm32cubeclt_1.18.0_2/GNU-tools-for-STM32/bin/../lib/gcc/arm-none-eabi/13.3.1/../../../../arm-none-eabi/lib/thumb/v7e-m+fp/hard/libc_nano.a(libc_a-memset.o)
 .debug_frame   0x00000220       0x2c /opt/st/stm32cubeclt_1.18.0_2/GNU-tools-for-STM32/bin/../lib/gcc/arm-none-eabi/13.3.1/../../../../arm-none-eabi/lib/thumb/v7e-m+fp/hard/libc_nano.a(libc_a-closer.o)
 .debug_frame   0x0000024c       0x38 /opt/st/stm32cubeclt_1.18.0_2/GNU-tools-for-STM32/bin/../lib/gcc/arm-none-eabi/13.3.1/../../../../arm-none-eabi/lib/thumb/v7e-m+fp/hard/libc_nano.a(libc_a-reent.o)
 .debug_frame   0x00000284       0x2c /opt/st/stm32cubeclt_1.18.0_2/GNU-tools-for-STM32/bin/../lib/gcc/arm-none-eabi/13.3.1/../../../../arm-none-eabi/lib/thumb/v7e-m+fp/hard/libc_nano.a(libc_a-lseekr.o)
 .debug_frame   0x000002b0       0x2c /opt/st/stm32cubeclt_1.18.0_2/GNU-tools-for-STM32/bin/../lib/gcc/arm-none-eabi/13.3.1/../../../../arm-none-eabi/lib/thumb/v7e-m+fp/hard/libc_nano.a(libc_a-readr.o)
 .debug_frame   0x000002dc       0x2c /opt/st/stm32cubeclt_1.18.0_2/GNU-tools-for-STM32/bin/../lib/gcc/arm-none-eabi/13.3.1/../../../../arm-none-eabi/lib/thumb/v7e-m+fp/hard/libc_nano.a(libc_a-writer.o)
 .debug_frame   0x00000308       0x2c /opt/st/stm32cubeclt_1.18.0_2/GNU-tools-for-STM32/bin/../lib/gcc/arm-none-eabi/13.3.1/../../../../arm-none-eabi/lib/thumb/v7e-m+fp/hard/libc_nano.a(libc_a-init.o)
 .debug_frame   0x00000334       0xb0 /opt/st/stm32cubeclt_1.18.0_2/GNU-tools-for-STM32/bin/../lib/gcc/arm-none-eabi/13.3.1/../../../../arm-none-eabi/lib/thumb/v7e-m+fp/hard/libc_nano.a(libc_a-lock.o)
 .debug_frame   0x000003e4       0x38 /opt/st/stm32cubeclt_1.18.0_2/GNU-tools-for-STM32/bin/../lib/gcc/arm-none-eabi/13.3.1/../../../../arm-none-eabi/lib/thumb/v7e-m+fp/hard/libc_nano.a(libc_a-freer.o)
 .debug_frame   0x0000041c       0x50 /opt/st/stm32cubeclt_1.18.0_2/GNU-tools-for-STM32/bin/../lib/gcc/arm-none-eabi/13.3.1/../../../../arm-none-eabi/lib/thumb/v7e-m+fp/hard/libc_nano.a(libc_a-mallocr.o)
 .debug_frame   0x0000046c       0x30 /opt/st/stm32cubeclt_1.18.0_2/GNU-tools-for-STM32/bin/../lib/gcc/arm-none-eabi/13.3.1/../../../../arm-none-eabi/lib/thumb/v7e-m+fp/hard/libc_nano.a(libc_a-mlock.o)
 .debug_frame   0x0000049c       0x5c /opt/st/stm32cubeclt_1.18.0_2/GNU-tools-for-STM32/bin/../lib/gcc/arm-none-eabi/13.3.1/../../../../arm-none-eabi/lib/thumb/v7e-m+fp/hard/libc_nano.a(libc_a-fflush.o)
 .debug_frame   0x000004f8       0x2c /opt/st/stm32cubeclt_1.18.0_2/GNU-tools-for-STM32/bin/../lib/gcc/arm-none-eabi/13.3.1/../../../../arm-none-eabi/lib/thumb/v7e-m+fp/hard/libc_nano.a(libc_a-sbrkr.o)
 .debug_frame   0x00000524       0x58 cmake/stm32cubemx/CMakeFiles/STM32_Drivers.dir/__/__/Core/Src/system_stm32g4xx.c.obj
 .debug_frame   0x0000057c      0x9b0 cmake/stm32cubemx/CMakeFiles/STM32_Drivers.dir/__/__/Drivers/STM32G4xx_HAL_Driver/Src/stm32g4xx_hal_fdcan.c.obj
 .debug_frame   0x00000f2c      0x500 cmake/stm32cubemx/CMakeFiles/STM32_Drivers.dir/__/__/Drivers/STM32G4xx_HAL_Driver/Src/stm32g4xx_hal.c.obj
 .debug_frame   0x0000142c      0x23c cmake/stm32cubemx/CMakeFiles/STM32_Drivers.dir/__/__/Drivers/STM32G4xx_HAL_Driver/Src/stm32g4xx_hal_rcc.c.obj
 .debug_frame   0x00001668      0x2ac cmake/stm32cubemx/CMakeFiles/STM32_Drivers.dir/__/__/Drivers/STM32G4xx_HAL_Driver/Src/stm32g4xx_hal_rcc_ex.c.obj
 .debug_frame   0x00001914      0x14c cmake/stm32cubemx/CMakeFiles/STM32_Drivers.dir/__/__/Drivers/STM32G4xx_HAL_Driver/Src/stm32g4xx_hal_gpio.c.obj
 .debug_frame   0x00001a60      0x4fc cmake/stm32cubemx/CMakeFiles/STM32_Drivers.dir/__/__/Drivers/STM32G4xx_HAL_Driver/Src/stm32g4xx_hal_pwr_ex.c.obj
 .debug_frame   0x00001f5c      0x4e8 cmake/stm32cubemx/CMakeFiles/STM32_Drivers.dir/__/__/Drivers/STM32G4xx_HAL_Driver/Src/stm32g4xx_hal_cortex.c.obj
 .debug_frame   0x00002444      0xa94 cmake/stm32cubemx/CMakeFiles/STM32_Drivers.dir/__/__/Drivers/STM32G4xx_HAL_Driver/Src/stm32g4xx_hal_uart.c.obj
 .debug_frame   0x00002ed8      0x31c cmake/stm32cubemx/CMakeFiles/STM32_Drivers.dir/__/__/Drivers/BSP/STM32G4xx_Nucleo/stm32g4xx_nucleo.c.obj
 .debug_frame   0x000031f4       0xbc CMakeFiles/ClassicCAN_internal_loopback-G431.dir/Core/Src/main.c.obj
 .debug_frame   0x000032b0      0x120 CMakeFiles/ClassicCAN_internal_loopback-G431.dir/Core/Src/stm32g4xx_it.c.obj
 .debug_frame   0x000033d0       0x7c CMakeFiles/ClassicCAN_internal_loopback-G431.dir/Core/Src/stm32g4xx_hal_msp.c.obj
 .debug_frame   0x0000344c       0x34 CMakeFiles/ClassicCAN_internal_loopback-G431.dir/Core/Src/sysmem.c.obj
 .debug_frame   0x00003480      0x2ac CMakeFiles/ClassicCAN_internal_loopback-G431.dir/Core/Src/syscalls.c.obj
 .debug_frame   0x0000372c       0xf4 CMakeFiles/ClassicCAN_internal_loopback-G431.dir/Core/Src/robosa_lib_src/can.c.obj
 .debug_frame   0x00003820       0x2c /opt/st/stm32cubeclt_1.18.0_2/GNU-tools-for-STM32/bin/../lib/gcc/arm-none-eabi/13.3.1/thumb/v7e-m+fp/hard/libgcc.a(_aeabi_uldivmod.o)
 .debug_frame   0x0000384c       0x34 /opt/st/stm32cubeclt_1.18.0_2/GNU-tools-for-STM32/bin/../lib/gcc/arm-none-eabi/13.3.1/thumb/v7e-m+fp/hard/libgcc.a(_udivmoddi4.o)
 .debug_frame   0x00003880       0x6c /opt/st/stm32cubeclt_1.18.0_2/GNU-tools-for-STM32/bin/../lib/gcc/arm-none-eabi/13.3.1/../../../../arm-none-eabi/lib/thumb/v7e-m+fp/hard/libg_nano.a(libc_a-printf.o)
 .debug_frame   0x000038ec       0x20 /opt/st/stm32cubeclt_1.18.0_2/GNU-tools-for-STM32/bin/../lib/gcc/arm-none-eabi/13.3.1/../../../../arm-none-eabi/lib/thumb/v7e-m+fp/hard/libg_nano.a(libc_a-errno.o)
 .debug_frame   0x0000390c       0xa8 /opt/st/stm32cubeclt_1.18.0_2/GNU-tools-for-STM32/bin/../lib/gcc/arm-none-eabi/13.3.1/../../../../arm-none-eabi/lib/thumb/v7e-m+fp/hard/libg_nano.a(libc_a-nano-vfprintf.o)
 .debug_frame   0x000039b4       0x60 /opt/st/stm32cubeclt_1.18.0_2/GNU-tools-for-STM32/bin/../lib/gcc/arm-none-eabi/13.3.1/../../../../arm-none-eabi/lib/thumb/v7e-m+fp/hard/libg_nano.a(libc_a-nano-vfprintf_i.o)
 .debug_frame   0x00003a14       0x40 /opt/st/stm32cubeclt_1.18.0_2/GNU-tools-for-STM32/bin/../lib/gcc/arm-none-eabi/13.3.1/../../../../arm-none-eabi/lib/thumb/v7e-m+fp/hard/libg_nano.a(libc_a-wbuf.o)
 .debug_frame   0x00003a54       0x2c /opt/st/stm32cubeclt_1.18.0_2/GNU-tools-for-STM32/bin/../lib/gcc/arm-none-eabi/13.3.1/../../../../arm-none-eabi/lib/thumb/v7e-m+fp/hard/libg_nano.a(libc_a-wsetup.o)
 .debug_frame   0x00003a80       0x58 /opt/st/stm32cubeclt_1.18.0_2/GNU-tools-for-STM32/bin/../lib/gcc/arm-none-eabi/13.3.1/../../../../arm-none-eabi/lib/thumb/v7e-m+fp/hard/libg_nano.a(libc_a-makebuf.o)
 .debug_frame   0x00003ad8       0x2c /opt/st/stm32cubeclt_1.18.0_2/GNU-tools-for-STM32/bin/../lib/gcc/arm-none-eabi/13.3.1/../../../../arm-none-eabi/lib/thumb/v7e-m+fp/hard/libg_nano.a(libc_a-fstatr.o)
 .debug_frame   0x00003b04       0x2c /opt/st/stm32cubeclt_1.18.0_2/GNU-tools-for-STM32/bin/../lib/gcc/arm-none-eabi/13.3.1/../../../../arm-none-eabi/lib/thumb/v7e-m+fp/hard/libg_nano.a(libc_a-isattyr.o)

.debug_info     0x00000000    0x14b2d
 .debug_info    0x00000000      0x58e cmake/stm32cubemx/CMakeFiles/STM32_Drivers.dir/__/__/Core/Src/system_stm32g4xx.c.obj
 .debug_info    0x0000058e     0x189c cmake/stm32cubemx/CMakeFiles/STM32_Drivers.dir/__/__/Drivers/STM32G4xx_HAL_Driver/Src/stm32g4xx_hal_fdcan.c.obj
 .debug_info    0x00001e2a      0xadb cmake/stm32cubemx/CMakeFiles/STM32_Drivers.dir/__/__/Drivers/STM32G4xx_HAL_Driver/Src/stm32g4xx_hal.c.obj
 .debug_info    0x00002905      0xb82 cmake/stm32cubemx/CMakeFiles/STM32_Drivers.dir/__/__/Drivers/STM32G4xx_HAL_Driver/Src/stm32g4xx_hal_rcc.c.obj
 .debug_info    0x00003487      0xc15 cmake/stm32cubemx/CMakeFiles/STM32_Drivers.dir/__/__/Drivers/STM32G4xx_HAL_Driver/Src/stm32g4xx_hal_rcc_ex.c.obj
 .debug_info    0x0000409c      0x763 cmake/stm32cubemx/CMakeFiles/STM32_Drivers.dir/__/__/Drivers/STM32G4xx_HAL_Driver/Src/stm32g4xx_hal_gpio.c.obj
 .debug_info    0x000047ff      0x93f cmake/stm32cubemx/CMakeFiles/STM32_Drivers.dir/__/__/Drivers/STM32G4xx_HAL_Driver/Src/stm32g4xx_hal_pwr_ex.c.obj
 .debug_info    0x0000513e      0xd3f cmake/stm32cubemx/CMakeFiles/STM32_Drivers.dir/__/__/Drivers/STM32G4xx_HAL_Driver/Src/stm32g4xx_hal_cortex.c.obj
 .debug_info    0x00005e7d     0x481e cmake/stm32cubemx/CMakeFiles/STM32_Drivers.dir/__/__/Drivers/STM32G4xx_HAL_Driver/Src/stm32g4xx_hal_uart.c.obj
 .debug_info    0x0000a69b     0x1690 cmake/stm32cubemx/CMakeFiles/STM32_Drivers.dir/__/__/Drivers/BSP/STM32G4xx_Nucleo/stm32g4xx_nucleo.c.obj
 .debug_info    0x0000bd2b      0xdc2 CMakeFiles/ClassicCAN_internal_loopback-G431.dir/Core/Src/main.c.obj
 .debug_info    0x0000caed      0x60d CMakeFiles/ClassicCAN_internal_loopback-G431.dir/Core/Src/stm32g4xx_it.c.obj
 .debug_info    0x0000d0fa      0xd6f CMakeFiles/ClassicCAN_internal_loopback-G431.dir/Core/Src/stm32g4xx_hal_msp.c.obj
 .debug_info    0x0000de69      0x168 CMakeFiles/ClassicCAN_internal_loopback-G431.dir/Core/Src/sysmem.c.obj
 .debug_info    0x0000dfd1      0x6a3 CMakeFiles/ClassicCAN_internal_loopback-G431.dir/Core/Src/syscalls.c.obj
 .debug_info    0x0000e674       0x30 CMakeFiles/ClassicCAN_internal_loopback-G431.dir/startup_stm32g431xx.s.obj
 .debug_info    0x0000e6a4      0xa8b CMakeFiles/ClassicCAN_internal_loopback-G431.dir/Core/Src/robosa_lib_src/can.c.obj
 .debug_info    0x0000f12f      0x841 /opt/st/stm32cubeclt_1.18.0_2/GNU-tools-for-STM32/bin/../lib/gcc/arm-none-eabi/13.3.1/../../../../arm-none-eabi/lib/thumb/v7e-m+fp/hard/libg_nano.a(libc_a-printf.o)
 .debug_info    0x0000f970      0x6fb /opt/st/stm32cubeclt_1.18.0_2/GNU-tools-for-STM32/bin/../lib/gcc/arm-none-eabi/13.3.1/../../../../arm-none-eabi/lib/thumb/v7e-m+fp/hard/libg_nano.a(libc_a-errno.o)
 .debug_info    0x0001006b     0x1094 /opt/st/stm32cubeclt_1.18.0_2/GNU-tools-for-STM32/bin/../lib/gcc/arm-none-eabi/13.3.1/../../../../arm-none-eabi/lib/thumb/v7e-m+fp/hard/libg_nano.a(libc_a-nano-vfprintf.o)
 .debug_info    0x000110ff      0xde2 /opt/st/stm32cubeclt_1.18.0_2/GNU-tools-for-STM32/bin/../lib/gcc/arm-none-eabi/13.3.1/../../../../arm-none-eabi/lib/thumb/v7e-m+fp/hard/libg_nano.a(libc_a-nano-vfprintf_i.o)
 .debug_info    0x00011ee1      0x874 /opt/st/stm32cubeclt_1.18.0_2/GNU-tools-for-STM32/bin/../lib/gcc/arm-none-eabi/13.3.1/../../../../arm-none-eabi/lib/thumb/v7e-m+fp/hard/libg_nano.a(libc_a-wbuf.o)
 .debug_info    0x00012755      0x7bb /opt/st/stm32cubeclt_1.18.0_2/GNU-tools-for-STM32/bin/../lib/gcc/arm-none-eabi/13.3.1/../../../../arm-none-eabi/lib/thumb/v7e-m+fp/hard/libg_nano.a(libc_a-wsetup.o)
 .debug_info    0x00012f10       0x25 /opt/st/stm32cubeclt_1.18.0_2/GNU-tools-for-STM32/bin/../lib/gcc/arm-none-eabi/13.3.1/../../../../arm-none-eabi/lib/thumb/v7e-m+fp/hard/libg_nano.a(libc_a-memchr.o)
 .debug_info    0x00012f35      0xb1a /opt/st/stm32cubeclt_1.18.0_2/GNU-tools-for-STM32/bin/../lib/gcc/arm-none-eabi/13.3.1/../../../../arm-none-eabi/lib/thumb/v7e-m+fp/hard/libg_nano.a(libc_a-makebuf.o)
 .debug_info    0x00013a4f      0x981 /opt/st/stm32cubeclt_1.18.0_2/GNU-tools-for-STM32/bin/../lib/gcc/arm-none-eabi/13.3.1/../../../../arm-none-eabi/lib/thumb/v7e-m+fp/hard/libg_nano.a(libc_a-fstatr.o)
 .debug_info    0x000143d0      0x75d /opt/st/stm32cubeclt_1.18.0_2/GNU-tools-for-STM32/bin/../lib/gcc/arm-none-eabi/13.3.1/../../../../arm-none-eabi/lib/thumb/v7e-m+fp/hard/libg_nano.a(libc_a-isattyr.o)

.debug_abbrev   0x00000000     0x349c
 .debug_abbrev  0x00000000      0x11a cmake/stm32cubemx/CMakeFiles/STM32_Drivers.dir/__/__/Core/Src/system_stm32g4xx.c.obj
 .debug_abbrev  0x0000011a      0x1e7 cmake/stm32cubemx/CMakeFiles/STM32_Drivers.dir/__/__/Drivers/STM32G4xx_HAL_Driver/Src/stm32g4xx_hal_fdcan.c.obj
 .debug_abbrev  0x00000301      0x271 cmake/stm32cubemx/CMakeFiles/STM32_Drivers.dir/__/__/Drivers/STM32G4xx_HAL_Driver/Src/stm32g4xx_hal.c.obj
 .debug_abbrev  0x00000572      0x2c9 cmake/stm32cubemx/CMakeFiles/STM32_Drivers.dir/__/__/Drivers/STM32G4xx_HAL_Driver/Src/stm32g4xx_hal_rcc.c.obj
 .debug_abbrev  0x0000083b      0x258 cmake/stm32cubemx/CMakeFiles/STM32_Drivers.dir/__/__/Drivers/STM32G4xx_HAL_Driver/Src/stm32g4xx_hal_rcc_ex.c.obj
 .debug_abbrev  0x00000a93      0x1cb cmake/stm32cubemx/CMakeFiles/STM32_Drivers.dir/__/__/Drivers/STM32G4xx_HAL_Driver/Src/stm32g4xx_hal_gpio.c.obj
 .debug_abbrev  0x00000c5e      0x22c cmake/stm32cubemx/CMakeFiles/STM32_Drivers.dir/__/__/Drivers/STM32G4xx_HAL_Driver/Src/stm32g4xx_hal_pwr_ex.c.obj
 .debug_abbrev  0x00000e8a      0x31c cmake/stm32cubemx/CMakeFiles/STM32_Drivers.dir/__/__/Drivers/STM32G4xx_HAL_Driver/Src/stm32g4xx_hal_cortex.c.obj
 .debug_abbrev  0x000011a6      0x304 cmake/stm32cubemx/CMakeFiles/STM32_Drivers.dir/__/__/Drivers/STM32G4xx_HAL_Driver/Src/stm32g4xx_hal_uart.c.obj
 .debug_abbrev  0x000014aa      0x2fb cmake/stm32cubemx/CMakeFiles/STM32_Drivers.dir/__/__/Drivers/BSP/STM32G4xx_Nucleo/stm32g4xx_nucleo.c.obj
 .debug_abbrev  0x000017a5      0x22f CMakeFiles/ClassicCAN_internal_loopback-G431.dir/Core/Src/main.c.obj
 .debug_abbrev  0x000019d4      0x15b CMakeFiles/ClassicCAN_internal_loopback-G431.dir/Core/Src/stm32g4xx_it.c.obj
 .debug_abbrev  0x00001b2f      0x1c2 CMakeFiles/ClassicCAN_internal_loopback-G431.dir/Core/Src/stm32g4xx_hal_msp.c.obj
 .debug_abbrev  0x00001cf1       0xbc CMakeFiles/ClassicCAN_internal_loopback-G431.dir/Core/Src/sysmem.c.obj
 .debug_abbrev  0x00001dad      0x1b6 CMakeFiles/ClassicCAN_internal_loopback-G431.dir/Core/Src/syscalls.c.obj
 .debug_abbrev  0x00001f63       0x24 CMakeFiles/ClassicCAN_internal_loopback-G431.dir/startup_stm32g431xx.s.obj
 .debug_abbrev  0x00001f87      0x1d5 CMakeFiles/ClassicCAN_internal_loopback-G431.dir/Core/Src/robosa_lib_src/can.c.obj
 .debug_abbrev  0x0000215c      0x21a /opt/st/stm32cubeclt_1.18.0_2/GNU-tools-for-STM32/bin/../lib/gcc/arm-none-eabi/13.3.1/../../../../arm-none-eabi/lib/thumb/v7e-m+fp/hard/libg_nano.a(libc_a-printf.o)
 .debug_abbrev  0x00002376      0x15e /opt/st/stm32cubeclt_1.18.0_2/GNU-tools-for-STM32/bin/../lib/gcc/arm-none-eabi/13.3.1/../../../../arm-none-eabi/lib/thumb/v7e-m+fp/hard/libg_nano.a(libc_a-errno.o)
 .debug_abbrev  0x000024d4      0x316 /opt/st/stm32cubeclt_1.18.0_2/GNU-tools-for-STM32/bin/../lib/gcc/arm-none-eabi/13.3.1/../../../../arm-none-eabi/lib/thumb/v7e-m+fp/hard/libg_nano.a(libc_a-nano-vfprintf.o)
 .debug_abbrev  0x000027ea      0x28e /opt/st/stm32cubeclt_1.18.0_2/GNU-tools-for-STM32/bin/../lib/gcc/arm-none-eabi/13.3.1/../../../../arm-none-eabi/lib/thumb/v7e-m+fp/hard/libg_nano.a(libc_a-nano-vfprintf_i.o)
 .debug_abbrev  0x00002a78      0x22d /opt/st/stm32cubeclt_1.18.0_2/GNU-tools-for-STM32/bin/../lib/gcc/arm-none-eabi/13.3.1/../../../../arm-none-eabi/lib/thumb/v7e-m+fp/hard/libg_nano.a(libc_a-wbuf.o)
 .debug_abbrev  0x00002ca5      0x1e2 /opt/st/stm32cubeclt_1.18.0_2/GNU-tools-for-STM32/bin/../lib/gcc/arm-none-eabi/13.3.1/../../../../arm-none-eabi/lib/thumb/v7e-m+fp/hard/libg_nano.a(libc_a-wsetup.o)
 .debug_abbrev  0x00002e87       0x14 /opt/st/stm32cubeclt_1.18.0_2/GNU-tools-for-STM32/bin/../lib/gcc/arm-none-eabi/13.3.1/../../../../arm-none-eabi/lib/thumb/v7e-m+fp/hard/libg_nano.a(libc_a-memchr.o)
 .debug_abbrev  0x00002e9b      0x28e /opt/st/stm32cubeclt_1.18.0_2/GNU-tools-for-STM32/bin/../lib/gcc/arm-none-eabi/13.3.1/../../../../arm-none-eabi/lib/thumb/v7e-m+fp/hard/libg_nano.a(libc_a-makebuf.o)
 .debug_abbrev  0x00003129      0x1c3 /opt/st/stm32cubeclt_1.18.0_2/GNU-tools-for-STM32/bin/../lib/gcc/arm-none-eabi/13.3.1/../../../../arm-none-eabi/lib/thumb/v7e-m+fp/hard/libg_nano.a(libc_a-fstatr.o)
 .debug_abbrev  0x000032ec      0x1b0 /opt/st/stm32cubeclt_1.18.0_2/GNU-tools-for-STM32/bin/../lib/gcc/arm-none-eabi/13.3.1/../../../../arm-none-eabi/lib/thumb/v7e-m+fp/hard/libg_nano.a(libc_a-isattyr.o)

.debug_aranges  0x00000000      0xe18
 .debug_aranges
                0x00000000       0x28 cmake/stm32cubemx/CMakeFiles/STM32_Drivers.dir/__/__/Core/Src/system_stm32g4xx.c.obj
 .debug_aranges
                0x00000028      0x208 cmake/stm32cubemx/CMakeFiles/STM32_Drivers.dir/__/__/Drivers/STM32G4xx_HAL_Driver/Src/stm32g4xx_hal_fdcan.c.obj
 .debug_aranges
                0x00000230      0x148 cmake/stm32cubemx/CMakeFiles/STM32_Drivers.dir/__/__/Drivers/STM32G4xx_HAL_Driver/Src/stm32g4xx_hal.c.obj
 .debug_aranges
                0x00000378       0x98 cmake/stm32cubemx/CMakeFiles/STM32_Drivers.dir/__/__/Drivers/STM32G4xx_HAL_Driver/Src/stm32g4xx_hal_rcc.c.obj
 .debug_aranges
                0x00000410       0xb0 cmake/stm32cubemx/CMakeFiles/STM32_Drivers.dir/__/__/Drivers/STM32G4xx_HAL_Driver/Src/stm32g4xx_hal_rcc_ex.c.obj
 .debug_aranges
                0x000004c0       0x58 cmake/stm32cubemx/CMakeFiles/STM32_Drivers.dir/__/__/Drivers/STM32G4xx_HAL_Driver/Src/stm32g4xx_hal_gpio.c.obj
 .debug_aranges
                0x00000518      0x140 cmake/stm32cubemx/CMakeFiles/STM32_Drivers.dir/__/__/Drivers/STM32G4xx_HAL_Driver/Src/stm32g4xx_hal_pwr_ex.c.obj
 .debug_aranges
                0x00000658      0x128 cmake/stm32cubemx/CMakeFiles/STM32_Drivers.dir/__/__/Drivers/STM32G4xx_HAL_Driver/Src/stm32g4xx_hal_cortex.c.obj
 .debug_aranges
                0x00000780      0x248 cmake/stm32cubemx/CMakeFiles/STM32_Drivers.dir/__/__/Drivers/STM32G4xx_HAL_Driver/Src/stm32g4xx_hal_uart.c.obj
 .debug_aranges
                0x000009c8       0xc8 cmake/stm32cubemx/CMakeFiles/STM32_Drivers.dir/__/__/Drivers/BSP/STM32G4xx_Nucleo/stm32g4xx_nucleo.c.obj
 .debug_aranges
                0x00000a90       0x40 CMakeFiles/ClassicCAN_internal_loopback-G431.dir/Core/Src/main.c.obj
 .debug_aranges
                0x00000ad0       0x68 CMakeFiles/ClassicCAN_internal_loopback-G431.dir/Core/Src/stm32g4xx_it.c.obj
 .debug_aranges
                0x00000b38       0x30 CMakeFiles/ClassicCAN_internal_loopback-G431.dir/Core/Src/stm32g4xx_hal_msp.c.obj
 .debug_aranges
                0x00000b68       0x20 CMakeFiles/ClassicCAN_internal_loopback-G431.dir/Core/Src/sysmem.c.obj
 .debug_aranges
                0x00000b88       0xa8 CMakeFiles/ClassicCAN_internal_loopback-G431.dir/Core/Src/syscalls.c.obj
 .debug_aranges
                0x00000c30       0x28 CMakeFiles/ClassicCAN_internal_loopback-G431.dir/startup_stm32g431xx.s.obj
 .debug_aranges
                0x00000c58       0x40 CMakeFiles/ClassicCAN_internal_loopback-G431.dir/Core/Src/robosa_lib_src/can.c.obj
 .debug_aranges
                0x00000c98       0x28 /opt/st/stm32cubeclt_1.18.0_2/GNU-tools-for-STM32/bin/../lib/gcc/arm-none-eabi/13.3.1/../../../../arm-none-eabi/lib/thumb/v7e-m+fp/hard/libg_nano.a(libc_a-printf.o)
 .debug_aranges
                0x00000cc0       0x20 /opt/st/stm32cubeclt_1.18.0_2/GNU-tools-for-STM32/bin/../lib/gcc/arm-none-eabi/13.3.1/../../../../arm-none-eabi/lib/thumb/v7e-m+fp/hard/libg_nano.a(libc_a-errno.o)
 .debug_aranges
                0x00000ce0       0x40 /opt/st/stm32cubeclt_1.18.0_2/GNU-tools-for-STM32/bin/../lib/gcc/arm-none-eabi/13.3.1/../../../../arm-none-eabi/lib/thumb/v7e-m+fp/hard/libg_nano.a(libc_a-nano-vfprintf.o)
 .debug_aranges
                0x00000d20       0x28 /opt/st/stm32cubeclt_1.18.0_2/GNU-tools-for-STM32/bin/../lib/gcc/arm-none-eabi/13.3.1/../../../../arm-none-eabi/lib/thumb/v7e-m+fp/hard/libg_nano.a(libc_a-nano-vfprintf_i.o)
 .debug_aranges
                0x00000d48       0x28 /opt/st/stm32cubeclt_1.18.0_2/GNU-tools-for-STM32/bin/../lib/gcc/arm-none-eabi/13.3.1/../../../../arm-none-eabi/lib/thumb/v7e-m+fp/hard/libg_nano.a(libc_a-wbuf.o)
 .debug_aranges
                0x00000d70       0x20 /opt/st/stm32cubeclt_1.18.0_2/GNU-tools-for-STM32/bin/../lib/gcc/arm-none-eabi/13.3.1/../../../../arm-none-eabi/lib/thumb/v7e-m+fp/hard/libg_nano.a(libc_a-wsetup.o)
 .debug_aranges
                0x00000d90       0x20 /opt/st/stm32cubeclt_1.18.0_2/GNU-tools-for-STM32/bin/../lib/gcc/arm-none-eabi/13.3.1/../../../../arm-none-eabi/lib/thumb/v7e-m+fp/hard/libg_nano.a(libc_a-memchr.o)
 .debug_aranges
                0x00000db0       0x28 /opt/st/stm32cubeclt_1.18.0_2/GNU-tools-for-STM32/bin/../lib/gcc/arm-none-eabi/13.3.1/../../../../arm-none-eabi/lib/thumb/v7e-m+fp/hard/libg_nano.a(libc_a-makebuf.o)
 .debug_aranges
                0x00000dd8       0x20 /opt/st/stm32cubeclt_1.18.0_2/GNU-tools-for-STM32/bin/../lib/gcc/arm-none-eabi/13.3.1/../../../../arm-none-eabi/lib/thumb/v7e-m+fp/hard/libg_nano.a(libc_a-fstatr.o)
 .debug_aranges
                0x00000df8       0x20 /opt/st/stm32cubeclt_1.18.0_2/GNU-tools-for-STM32/bin/../lib/gcc/arm-none-eabi/13.3.1/../../../../arm-none-eabi/lib/thumb/v7e-m+fp/hard/libg_nano.a(libc_a-isattyr.o)

.debug_rnglists
                0x00000000      0xae8
 .debug_rnglists
                0x00000000       0x1a cmake/stm32cubemx/CMakeFiles/STM32_Drivers.dir/__/__/Core/Src/system_stm32g4xx.c.obj
 .debug_rnglists
                0x0000001a      0x18d cmake/stm32cubemx/CMakeFiles/STM32_Drivers.dir/__/__/Drivers/STM32G4xx_HAL_Driver/Src/stm32g4xx_hal_fdcan.c.obj
 .debug_rnglists
                0x000001a7       0xf1 cmake/stm32cubemx/CMakeFiles/STM32_Drivers.dir/__/__/Drivers/STM32G4xx_HAL_Driver/Src/stm32g4xx_hal.c.obj
 .debug_rnglists
                0x00000298       0x74 cmake/stm32cubemx/CMakeFiles/STM32_Drivers.dir/__/__/Drivers/STM32G4xx_HAL_Driver/Src/stm32g4xx_hal_rcc.c.obj
 .debug_rnglists
                0x0000030c       0x87 cmake/stm32cubemx/CMakeFiles/STM32_Drivers.dir/__/__/Drivers/STM32G4xx_HAL_Driver/Src/stm32g4xx_hal_rcc_ex.c.obj
 .debug_rnglists
                0x00000393       0x3f cmake/stm32cubemx/CMakeFiles/STM32_Drivers.dir/__/__/Drivers/STM32G4xx_HAL_Driver/Src/stm32g4xx_hal_gpio.c.obj
 .debug_rnglists
                0x000003d2       0xf1 cmake/stm32cubemx/CMakeFiles/STM32_Drivers.dir/__/__/Drivers/STM32G4xx_HAL_Driver/Src/stm32g4xx_hal_pwr_ex.c.obj
 .debug_rnglists
                0x000004c3       0xda cmake/stm32cubemx/CMakeFiles/STM32_Drivers.dir/__/__/Drivers/STM32G4xx_HAL_Driver/Src/stm32g4xx_hal_cortex.c.obj
 .debug_rnglists
                0x0000059d      0x1fa cmake/stm32cubemx/CMakeFiles/STM32_Drivers.dir/__/__/Drivers/STM32G4xx_HAL_Driver/Src/stm32g4xx_hal_uart.c.obj
 .debug_rnglists
                0x00000797       0x93 cmake/stm32cubemx/CMakeFiles/STM32_Drivers.dir/__/__/Drivers/BSP/STM32G4xx_Nucleo/stm32g4xx_nucleo.c.obj
 .debug_rnglists
                0x0000082a       0x2e CMakeFiles/ClassicCAN_internal_loopback-G431.dir/Core/Src/main.c.obj
 .debug_rnglists
                0x00000858       0x49 CMakeFiles/ClassicCAN_internal_loopback-G431.dir/Core/Src/stm32g4xx_it.c.obj
 .debug_rnglists
                0x000008a1       0x20 CMakeFiles/ClassicCAN_internal_loopback-G431.dir/Core/Src/stm32g4xx_hal_msp.c.obj
 .debug_rnglists
                0x000008c1       0x13 CMakeFiles/ClassicCAN_internal_loopback-G431.dir/Core/Src/sysmem.c.obj
 .debug_rnglists
                0x000008d4       0x79 CMakeFiles/ClassicCAN_internal_loopback-G431.dir/Core/Src/syscalls.c.obj
 .debug_rnglists
                0x0000094d       0x19 CMakeFiles/ClassicCAN_internal_loopback-G431.dir/startup_stm32g431xx.s.obj
 .debug_rnglists
                0x00000966       0x2e CMakeFiles/ClassicCAN_internal_loopback-G431.dir/Core/Src/robosa_lib_src/can.c.obj
 .debug_rnglists
                0x00000994       0x19 /opt/st/stm32cubeclt_1.18.0_2/GNU-tools-for-STM32/bin/../lib/gcc/arm-none-eabi/13.3.1/../../../../arm-none-eabi/lib/thumb/v7e-m+fp/hard/libg_nano.a(libc_a-printf.o)
 .debug_rnglists
                0x000009ad       0x13 /opt/st/stm32cubeclt_1.18.0_2/GNU-tools-for-STM32/bin/../lib/gcc/arm-none-eabi/13.3.1/../../../../arm-none-eabi/lib/thumb/v7e-m+fp/hard/libg_nano.a(libc_a-errno.o)
 .debug_rnglists
                0x000009c0       0x38 /opt/st/stm32cubeclt_1.18.0_2/GNU-tools-for-STM32/bin/../lib/gcc/arm-none-eabi/13.3.1/../../../../arm-none-eabi/lib/thumb/v7e-m+fp/hard/libg_nano.a(libc_a-nano-vfprintf.o)
 .debug_rnglists
                0x000009f8       0x66 /opt/st/stm32cubeclt_1.18.0_2/GNU-tools-for-STM32/bin/../lib/gcc/arm-none-eabi/13.3.1/../../../../arm-none-eabi/lib/thumb/v7e-m+fp/hard/libg_nano.a(libc_a-nano-vfprintf_i.o)
 .debug_rnglists
                0x00000a5e       0x25 /opt/st/stm32cubeclt_1.18.0_2/GNU-tools-for-STM32/bin/../lib/gcc/arm-none-eabi/13.3.1/../../../../arm-none-eabi/lib/thumb/v7e-m+fp/hard/libg_nano.a(libc_a-wbuf.o)
 .debug_rnglists
                0x00000a83       0x26 /opt/st/stm32cubeclt_1.18.0_2/GNU-tools-for-STM32/bin/../lib/gcc/arm-none-eabi/13.3.1/../../../../arm-none-eabi/lib/thumb/v7e-m+fp/hard/libg_nano.a(libc_a-wsetup.o)
 .debug_rnglists
                0x00000aa9       0x19 /opt/st/stm32cubeclt_1.18.0_2/GNU-tools-for-STM32/bin/../lib/gcc/arm-none-eabi/13.3.1/../../../../arm-none-eabi/lib/thumb/v7e-m+fp/hard/libg_nano.a(libc_a-makebuf.o)
 .debug_rnglists
                0x00000ac2       0x13 /opt/st/stm32cubeclt_1.18.0_2/GNU-tools-for-STM32/bin/../lib/gcc/arm-none-eabi/13.3.1/../../../../arm-none-eabi/lib/thumb/v7e-m+fp/hard/libg_nano.a(libc_a-fstatr.o)
 .debug_rnglists
                0x00000ad5       0x13 /opt/st/stm32cubeclt_1.18.0_2/GNU-tools-for-STM32/bin/../lib/gcc/arm-none-eabi/13.3.1/../../../../arm-none-eabi/lib/thumb/v7e-m+fp/hard/libg_nano.a(libc_a-isattyr.o)

.debug_macro    0x00000000    0x1eb5e
 .debug_macro   0x00000000      0x1c4 cmake/stm32cubemx/CMakeFiles/STM32_Drivers.dir/__/__/Core/Src/system_stm32g4xx.c.obj